Component: ARM Compiler 5.06 update 6 (build 750) Tool: armlink [4d35ed]

==============================================================================

Section Cross References

    lcd.o(i.LCD_Back) refers to lcd.o(i.LCD_Shift_Cursor_Left) for LCD_Shift_Cursor_Left
    lcd.o(i.LCD_Back) refers to lcd.o(i.LCD_Write_Char) for LCD_Write_Char
    lcd.o(i.LCD_Blink) refers to lcd.o(i.delay_m) for delay_m
    lcd.o(i.LCD_Blink) refers to lcd.o(i.LCD_Write_Command) for LCD_Write_Command
    lcd.o(i.LCD_Clear) refers to lcd.o(i.LCD_Write_Command) for LCD_Write_Command
    lcd.o(i.LCD_Clear) refers to lcd.o(i.LCD_Delay) for LCD_Delay
    lcd.o(i.LCD_Clear) refers to lcd.o(.data) for LCD_Cursor
    lcd.o(i.LCD_Delay) refers to lcd.o(i.delay_m) for delay_m
    lcd.o(i.LCD_Handle_Cursor) refers to lcd.o(i.LCD_Write_Command) for LCD_Write_Command
    lcd.o(i.LCD_Handle_Cursor) refers to lcd.o(.data) for LCD_Cursor
    lcd.o(i.LCD_Init) refers to lcd.o(i.delay_m) for delay_m
    lcd.o(i.LCD_Init) refers to lcd.o(i.LCD_Write_Command) for LCD_Write_Command
    lcd.o(i.LCD_Init) refers to lcd.o(i.delay_u) for delay_u
    lcd.o(i.LCD_Init) refers to lcd.o(i.LCD_Delay) for LCD_Delay
    lcd.o(i.LCD_Read_Cursor_Address) refers to lcd.o(i.delay_m) for delay_m
    lcd.o(i.LCD_Set_Cursor_Position) refers to lcd.o(i.LCD_Clear) for LCD_Clear
    lcd.o(i.LCD_Set_Cursor_Position) refers to lcd.o(i.LCD_Write_String) for LCD_Write_String
    lcd.o(i.LCD_Set_Cursor_Position) refers to lcd.o(i.LCD_Blink) for LCD_Blink
    lcd.o(i.LCD_Set_Cursor_Position) refers to lcd.o(i.LCD_Write_Command) for LCD_Write_Command
    lcd.o(i.LCD_Set_Cursor_Position) refers to lcd.o(i.LCD_Delay) for LCD_Delay
    lcd.o(i.LCD_Set_Cursor_Position) refers to lcd.o(.data) for LCD_Cursor
    lcd.o(i.LCD_Shift_Cursor_Down) refers to lcd.o(i.LCD_Write_Command) for LCD_Write_Command
    lcd.o(i.LCD_Shift_Cursor_Down) refers to lcd.o(.data) for LCD_Cursor
    lcd.o(i.LCD_Shift_Cursor_Left) refers to lcd.o(i.LCD_Write_Command) for LCD_Write_Command
    lcd.o(i.LCD_Shift_Cursor_Left) refers to lcd.o(.data) for LCD_Cursor
    lcd.o(i.LCD_Shift_Cursor_Right) refers to lcd.o(i.LCD_Write_Command) for LCD_Write_Command
    lcd.o(i.LCD_Shift_Cursor_Right) refers to lcd.o(.data) for LCD_Cursor
    lcd.o(i.LCD_Shift_Cursor_Up) refers to lcd.o(i.LCD_Write_Command) for LCD_Write_Command
    lcd.o(i.LCD_Shift_Cursor_Up) refers to lcd.o(.data) for LCD_Cursor
    lcd.o(i.LCD_Write_Char) refers to lcd.o(i.LCD_Handle_Cursor) for LCD_Handle_Cursor
    lcd.o(i.LCD_Write_Char) refers to lcd.o(i.delay_m) for delay_m
    lcd.o(i.LCD_Write_Char_Position) refers to lcd.o(i.LCD_Set_Cursor_Position) for LCD_Set_Cursor_Position
    lcd.o(i.LCD_Write_Char_Position) refers to lcd.o(i.LCD_Write_Char) for LCD_Write_Char
    lcd.o(i.LCD_Write_Command) refers to lcd.o(i.delay_m) for delay_m
    lcd.o(i.LCD_Write_String) refers to lcd.o(i.LCD_Write_Char) for LCD_Write_Char
    lcd.o(i.LCD_Write_String) refers to lcd.o(i.delay_m) for delay_m
    lcd.o(i.LCD_Write_String_Position) refers to lcd.o(i.LCD_Set_Cursor_Position) for LCD_Set_Cursor_Position
    lcd.o(i.LCD_Write_String_Position) refers to lcd.o(i.LCD_Write_String) for LCD_Write_String
    main.o(i.Login) refers to lcd.o(i.LCD_Clear) for LCD_Clear
    main.o(i.Login) refers to lcd.o(i.LCD_Set_Cursor_Position) for LCD_Set_Cursor_Position
    main.o(i.Login) refers to main.o(i.getPassword) for getPassword
    main.o(i.Login) refers to lcd.o(i.LCD_Write_String) for LCD_Write_String
    main.o(i.Login) refers to main.o(i.Login_Validation) for Login_Validation
    main.o(i.Login) refers to lcd.o(i.LCD_Blink) for LCD_Blink
    main.o(i.Login) refers to main.o(i.buzzer) for buzzer
    main.o(i.Login) refers to main.o(.data) for room
    main.o(i.UART_Config) refers to main.o(.bss) for huart
    main.o(i.buzzer) refers to lcd.o(i.delay_m) for delay_m
    main.o(i.changeRoomPW) refers to main.o(i.printmsg) for printmsg
    main.o(i.changeRoomPW) refers to uart.o(i.UART4_receiveChar) for UART4_receiveChar
    main.o(i.changeRoomPW) refers to main.o(i.Login_Validation) for Login_Validation
    main.o(i.changeRoomPW) refers to main.o(.data) for room
    main.o(i.changeRoomStatus) refers to uart.o(i.UART4_trasnmitString) for UART4_trasnmitString
    main.o(i.changeRoomStatus) refers to uart.o(i.UART4_receiveChar) for UART4_receiveChar
    main.o(i.changeRoomStatus) refers to main.o(i.printmsg) for printmsg
    main.o(i.changeRoomStatus) refers to main.o(.data) for room
    main.o(i.changeRoomStatus) refers to main.o(.conststring) for .conststring
    main.o(i.getPassword) refers to lcd.o(i.LCD_Clear) for LCD_Clear
    main.o(i.getPassword) refers to lcd.o(i.LCD_Write_String) for LCD_Write_String
    main.o(i.getPassword) refers to lcd.o(i.LCD_Set_Cursor_Position) for LCD_Set_Cursor_Position
    main.o(i.getPassword) refers to keypad.o(i.KeyPad_getPressedKey) for KeyPad_getPressedKey
[...]
    .ARM.Collect$$_printf_percent$$0000000F  0x00000338   Section        6  _printf_llu.o(.ARM.Collect$$_printf_percent$$0000000F)
    .ARM.Collect$$_printf_percent$$00000010  0x0000033e   Section        6  _printf_llo.o(.ARM.Collect$$_printf_percent$$00000010)
    .ARM.Collect$$_printf_percent$$00000011  0x00000344   Section        6  _printf_llx.o(.ARM.Collect$$_printf_percent$$00000011)
    .ARM.Collect$$_printf_percent$$00000012  0x0000034a   Section       10  _printf_l.o(.ARM.Collect$$_printf_percent$$00000012)
    .ARM.Collect$$_printf_percent$$00000013  0x00000354   Section        6  _printf_c.o(.ARM.Collect$$_printf_percent$$00000013)
    .ARM.Collect$$_printf_percent$$00000014  0x0000035a   Section        6  _printf_s.o(.ARM.Collect$$_printf_percent$$00000014)
    .ARM.Collect$$_printf_percent$$00000015  0x00000360   Section        6  _printf_lc.o(.ARM.Collect$$_printf_percent$$00000015)
    .ARM.Collect$$_printf_percent$$00000016  0x00000366   Section        6  _printf_ls.o(.ARM.Collect$$_printf_percent$$00000016)
    .ARM.Collect$$_printf_percent$$00000017  0x0000036c   Section        4  _printf_percent_end.o(.ARM.Collect$$_printf_percent$$00000017)
    .ARM.Collect$$libinit$$00000000          0x00000370   Section        2  libinit.o(.ARM.Collect$$libinit$$00000000)
    .ARM.Collect$$libinit$$00000001          0x00000372   Section        4  libinit2.o(.ARM.Collect$$libinit$$00000001)
    .ARM.Collect$$libinit$$00000004          0x00000376   Section        0  libinit2.o(.ARM.Collect$$libinit$$00000004)
    .ARM.Collect$$libinit$$0000000A          0x00000376   Section        0  libinit2.o(.ARM.Collect$$libinit$$0000000A)
    .ARM.Collect$$libinit$$0000000C          0x00000376   Section        0  libinit2.o(.ARM.Collect$$libinit$$0000000C)
    .ARM.Collect$$libinit$$0000000E          0x00000376   Section        0  libinit2.o(.ARM.Collect$$libinit$$0000000E)
    .ARM.Collect$$libinit$$0000000F          0x00000376   Section        6  libinit2.o(.ARM.Collect$$libinit$$0000000F)
    .ARM.Collect$$libinit$$00000011          0x0000037c   Section        0  libinit2.o(.ARM.Collect$$libinit$$00000011)
    .ARM.Collect$$libinit$$00000012          0x0000037c   Section       12  libinit2.o(.ARM.Collect$$libinit$$00000012)
    .ARM.Collect$$libinit$$00000013          0x00000388   Section        0  libinit2.o(.ARM.Collect$$libinit$$00000013)
    .ARM.Collect$$libinit$$00000015          0x00000388   Section        0  libinit2.o(.ARM.Collect$$libinit$$00000015)
    .ARM.Collect$$libinit$$00000016          0x00000388   Section       10  libinit2.o(.ARM.Collect$$libinit$$00000016)
    .ARM.Collect$$libinit$$00000017          0x00000392   Section        0  libinit2.o(.ARM.Collect$$libinit$$00000017)
    .ARM.Collect$$libinit$$00000019          0x00000392   Section        0  libinit2.o(.ARM.Collect$$libinit$$00000019)
    .ARM.Collect$$libinit$$0000001B          0x00000392   Section        0  libinit2.o(.ARM.Collect$$libinit$$0000001B)
    .ARM.Collect$$libinit$$0000001D          0x00000392   Section        0  libinit2.o(.ARM.Collect$$libinit$$0000001D)
    .ARM.Collect$$libinit$$0000001F          0x00000392   Section        0  libinit2.o(.ARM.Collect$$libinit$$0000001F)
    .ARM.Collect$$libinit$$00000021          0x00000392   Section        0  libinit2.o(.ARM.Collect$$libinit$$00000021)
    .ARM.Collect$$libinit$$00000023          0x00000392   Section        0  libinit2.o(.ARM.Collect$$libinit$$00000023)
    .ARM.Collect$$libinit$$00000025          0x00000392   Section        0  libinit2.o(.ARM.Collect$$libinit$$00000025)
    .ARM.Collect$$libinit$$0000002C          0x00000392   Section        0  libinit2.o(.ARM.Collect$$libinit$$0000002C)
    .ARM.Collect$$libinit$$0000002E          0x00000392   Section        0  libinit2.o(.ARM.Collect$$libinit$$0000002E)
    .ARM.Collect$$libinit$$00000030          0x00000392   Section        0  libinit2.o(.ARM.Collect$$libinit$$00000030)
    .ARM.Collect$$libinit$$00000032          0x00000392   Section        0  libinit2.o(.ARM.Collect$$libinit$$00000032)
    .ARM.Collect$$libinit$$00000033          0x00000392   Section        2  libinit2.o(.ARM.Collect$$libinit$$00000033)
    .ARM.Collect$$libshutdown$$00000000      0x00000394   Section        2  libshutdown.o(.ARM.Collect$$libshutdown$$00000000)
    .ARM.Collect$$libshutdown$$00000002      0x00000396   Section        0  libshutdown2.o(.ARM.Collect$$libshutdown$$00000002)
    .ARM.Collect$$libshutdown$$00000004      0x00000396   Section        0  libshutdown2.o(.ARM.Collect$$libshutdown$$00000004)
    .ARM.Collect$$libshutdown$$00000007      0x00000396   Section        0  libshutdown2.o(.ARM.Collect$$libshutdown$$00000007)
    .ARM.Collect$$libshutdown$$0000000A      0x00000396   Section        0  libshutdown2.o(.ARM.Collect$$libshutdown$$0000000A)
    .ARM.Collect$$libshutdown$$0000000C      0x00000396   Section        0  libshutdown2.o(.ARM.Collect$$libshutdown$$0000000C)
    .ARM.Collect$$libshutdown$$0000000F      0x00000396   Section        0  libshutdown2.o(.ARM.Collect$$libshutdown$$0000000F)
    .ARM.Collect$$libshutdown$$00000010      0x00000396   Section        2  libshutdown2.o(.ARM.Collect$$libshutdown$$00000010)
    .ARM.Collect$$rtentry$$00000000          0x00000398   Section        0  __rtentry.o(.ARM.Collect$$rtentry$$00000000)
    .ARM.Collect$$rtentry$$00000002          0x00000398   Section        0  __rtentry2.o(.ARM.Collect$$rtentry$$00000002)
    .ARM.Collect$$rtentry$$00000004          0x00000398   Section        6  __rtentry4.o(.ARM.Collect$$rtentry$$00000004)
    .ARM.Collect$$rtentry$$00000009          0x0000039e   Section        0  __rtentry2.o(.ARM.Collect$$rtentry$$00000009)
    .ARM.Collect$$rtentry$$0000000A          0x0000039e   Section        4  __rtentry2.o(.ARM.Collect$$rtentry$$0000000A)
    .ARM.Collect$$rtentry$$0000000C          0x000003a2   Section        0  __rtentry2.o(.ARM.Collect$$rtentry$$0000000C)
    .ARM.Collect$$rtentry$$0000000D          0x000003a2   Section        8  __rtentry2.o(.ARM.Collect$$rtentry$$0000000D)
    .ARM.Collect$$rtexit$$00000000           0x000003aa   Section        2  rtexit.o(.ARM.Collect$$rtexit$$00000000)
    .ARM.Collect$$rtexit$$00000002           0x000003ac   Section        0  rtexit2.o(.ARM.Collect$$rtexit$$00000002)
    .ARM.Collect$$rtexit$$00000003           0x000003ac   Section        4  rtexit2.o(.ARM.Collect$$rtexit$$00000003)
    .ARM.Collect$$rtexit$$00000004           0x000003b0   Section        6  rtexit2.o(.ARM.Collect$$rtexit$$00000004)
    .text                                    0x000003b8   Section      276  startup_tm4c123.o(.text)
    $v0                                      0x000003b8   Number         0  startup_tm4c123.o(.text)
    .text                                    0x000004cc   Section        0  vsprintf.o(.text)
    .text                                    0x000004f0   Section        0  heapauxi.o(.text)
    .text                                    0x000004f6   Section        0  _printf_pad.o(.text)
    .text                                    0x00000544   Section        0  _printf_truncate.o(.text)
    .text                                    0x00000568   Section        0  _printf_str.o(.text)
    .text                                    0x000005bc   Section        0  _printf_dec.o(.text)
    .text                                    0x00000634   Section        0  _printf_charcount.o(.text)
    .text                                    0x0000065c   Section        0  _printf_char_common.o(.text)
    _printf_input_char                       0x0000065d   Thumb Code    10  _printf_char_common.o(.text)
    .text                                    0x0000068c   Section        0  _sputc.o(.text)
    .text                                    0x00000698   Section        0  _printf_wctomb.o(.text)
    .text                                    0x00000754   Section        0  _printf_longlong_dec.o(.text)
    .text                                    0x000007d0   Section        0  _printf_oct_int_ll.o(.text)
    _printf_longlong_oct_internal            0x000007d1   Thumb Code     0  _printf_oct_int_ll.o(.text)
    .text                                    0x00000840   Section        0  _printf_hex_int_ll_ptr.o(.text)
    _printf_hex_common                       0x00000841   Thumb Code     0  _printf_hex_int_ll_ptr.o(.text)
    .text                                    0x000008d4   Section        0  __printf_flags_ss_wp.o(.text)
    .text                                    0x00000a5c   Section      138  lludiv10.o(.text)
    .text                                    0x00000ae6   Section        0  _printf_intcommon.o(.text)
    .text                                    0x00000b98   Section        0  _printf_fp_dec.o(.text)
    _fp_digits                               0x00000b9b   Thumb Code   432  _printf_fp_dec.o(.text)
    .text                                    0x00000fb8   Section        0  _printf_fp_hex.o(.text)
    .text                                    0x000012b4   Section        0  _printf_char.o(.text)
    .text                                    0x000012e0   Section        0  _printf_wchar.o(.text)
    .text                                    0x0000130c   Section        0  _wcrtomb.o(.text)
    .text                                    0x0000134c   Section       74  sys_stackheap_outer.o(.text)
    .text                                    0x00001398   Section       16  rt_ctype_table.o(.text)
    .text                                    0x000013a8   Section        8  rt_locale_intlibspace.o(.text)
    .text                                    0x000013b0   Section        0  _printf_fp_infnan.o(.text)
    .text                                    0x00001430   Section        0  bigflt0.o(.text)
    .text                                    0x00001514   Section        0  exit.o(.text)
    .text                                    0x00001528   Section        8  libspace.o(.text)
    .text                                    0x00001530   Section      128  strcmpv7m.o(.text)
    .text                                    0x000015b0   Section        0  sys_exit.o(.text)
    .text                                    0x000015bc   Section        2  use_no_semi.o(.text)
    .text                                    0x000015be   Section        0  indicate_semi.o(.text)
    CL$$btod_d2e                             0x000015be   Section       62  btod.o(CL$$btod_d2e)
    CL$$btod_d2e_denorm_low                  0x000015fc   Section       70  btod.o(CL$$btod_d2e_denorm_low)
    CL$$btod_d2e_norm_op1                    0x00001642   Section       96  btod.o(CL$$btod_d2e_norm_op1)
    CL$$btod_div_common                      0x000016a2   Section      824  btod.o(CL$$btod_div_common)
    CL$$btod_e2e                             0x000019da   Section      220  btod.o(CL$$btod_e2e)
    CL$$btod_ediv                            0x00001ab6   Section       42  btod.o(CL$$btod_ediv)
    CL$$btod_emul                            0x00001ae0   Section       42  btod.o(CL$$btod_emul)
    CL$$btod_mult_common                     0x00001b0a   Section      580  btod.o(CL$$btod_mult_common)
    i.Delay_m                                0x00001d4e   Section        0  uart.o(i.Delay_m)
    i.GPIO_InitialPin                        0x00001d68   Section        0  gpio.o(i.GPIO_InitialPin)
    i.GPIO_PinDirection                      0x00002f1c   Section        0  gpio.o(i.GPIO_PinDirection)
    i.GPIO_PinRead                           0x00002f3c   Section        0  gpio.o(i.GPIO_PinRead)
    i.KeyPad_getPressedKey                   0x00002f48   Section        0  keypad.o(i.KeyPad_getPressedKey)
    i.LCD_Back                               0x00002f94   Section        0  lcd.o(i.LCD_Back)
    i.LCD_Blink                              0x00002fa6   Section        0  lcd.o(i.LCD_Blink)
    i.LCD_Clear                              0x00002fd8   Section        0  lcd.o(i.LCD_Clear)
    i.LCD_Delay                              0x00002ffc   Section        0  lcd.o(i.LCD_Delay)
    i.LCD_Handle_Cursor                      0x00003008   Section        0  lcd.o(i.LCD_Handle_Cursor)
    i.LCD_Init                               0x00003038   Section        0  lcd.o(i.LCD_Init)
    i.LCD_Set_Cursor_Position                0x000030e8   Section        0  lcd.o(i.LCD_Set_Cursor_Position)
    i.LCD_Shift_Cursor_Left                  0x0000313c   Section        0  lcd.o(i.LCD_Shift_Cursor_Left)
    i.LCD_Shift_Cursor_Right                 0x00003170   Section        0  lcd.o(i.LCD_Shift_Cursor_Right)
    i.LCD_Write_Char                         0x000031a4   Section        0  lcd.o(i.LCD_Write_Char)
    i.LCD_Write_Command                      0x00003200   Section        0  lcd.o(i.LCD_Write_Command)
    i.LCD_Write_String                       0x00003258   Section        0  lcd.o(i.LCD_Write_String)
    i.LCD_Write_String_Position              0x00003278   Section        0  lcd.o(i.LCD_Write_String_Position)
    i.Login                                  0x00003290   Section        0  main.o(i.Login)
    i.Login_Validation                       0x00003350   Section        0  main.o(i.Login_Validation)
    i.SystemInit                             0x0000337c   Section        0  system_tm4c123.o(i.SystemInit)
    i.UART4_MSPInit                          0x00003414   Section        0  uart.o(i.UART4_MSPInit)
    i.UART4_init                             0x0000348c   Section        0  uart.o(i.UART4_init)
    i.UART4_receiveChar                      0x00003750   Section        0  uart.o(i.UART4_receiveChar)
    i.UART4_trasnmitChar                     0x00003774   Section        0  uart.o(i.UART4_trasnmitChar)
    i.UART4_trasnmitString                   0x0000378c   Section        0  uart.o(i.UART4_trasnmitString)
    i.UART_Config                            0x000037b0   Section        0  main.o(i.UART_Config)
    i.__ARM_fpclassify                       0x000037d4   Section        0  fpclassify.o(i.__ARM_fpclassify)
    i._is_digit                              0x00003804   Section        0  __printf_wp.o(i._is_digit)
    i.buzzer                                 0x00003814   Section        0  main.o(i.buzzer)
    i.changeRoomPW                           0x00003868   Section        0  main.o(i.changeRoomPW)
    i.changeRoomStatus                       0x0000393c   Section        0  main.o(i.changeRoomStatus)
    i.closeDoor                              0x00003a78   Section        0  main.o(i.closeDoor)
    i.delay_m                                0x00003a84   Section        0  lcd.o(i.delay_m)
    i.delay_u                                0x00003a9e   Section        0  lcd.o(i.delay_u)
    i.getPassword                            0x00003ab4   Section        0  main.o(i.getPassword)
    i.getRoomNumber                          0x00003b8c   Section        0  main.o(i.getRoomNumber)
    i.gpio_config                            0x00003bc0   Section        0  main.o(i.gpio_config)
    i.keypad_Init                            0x00003c20   Section        0  keypad.o(i.keypad_Init)
    i.main                                   0x00003c90   Section        0  main.o(i.main)
    i.openDoor                               0x00003d90   Section        0  main.o(i.openDoor)
    i.printmsg                               0x00003d9c   Section        0  main.o(i.printmsg)
    i.roomCleaning_Handling                  0x00003dc0   Section        0  main.o(i.roomCleaning_Handling)
    i.roomFree_Handling                      0x00003df8   Section        0  main.o(i.roomFree_Handling)
    i.roomOccupied_Handling                  0x00003e54   Section        0  main.o(i.roomOccupied_Handling)
    i.setupHW                                0x00004098   Section        0  main.o(i.setupHW)
    locale$$code                             0x00004124   Section       44  lc_numeric_c.o(locale$$code)
    locale$$code                             0x00004150   Section       44  lc_ctype_c.o(locale$$code)
    x$fpl$d2f                                0x0000417c   Section       98  d2f.o(x$fpl$d2f)
    $v0                                      0x0000417c   Number         0  d2f.o(x$fpl$d2f)
    x$fpl$dadd                               0x000041e0   Section      336  daddsub_clz.o(x$fpl$dadd)
    $v0                                      0x000041e0   Number         0  daddsub_clz.o(x$fpl$dadd)
    _dadd1                                   0x000041f1   Thumb Code     0  daddsub_clz.o(x$fpl$dadd)
    x$fpl$ddiv                               0x00004330   Section      688  ddiv.o(x$fpl$ddiv)
    $v0                                      0x00004330   Number         0  ddiv.o(x$fpl$ddiv)
    ddiv_entry                               0x00004337   Thumb Code     0  ddiv.o(x$fpl$ddiv)
    x$fpl$dfixu                              0x000045e0   Section       90  dfixu.o(x$fpl$dfixu)
    $v0                                      0x000045e0   Number         0  dfixu.o(x$fpl$dfixu)
    x$fpl$dfltu                              0x0000463a   Section       38  dflt_clz.o(x$fpl$dfltu)
    $v0                                      0x0000463a   Number         0  dflt_clz.o(x$fpl$dfltu)
    x$fpl$dmul                               0x00004660   Section      340  dmul.o(x$fpl$dmul)
    $v0                                      0x00004660   Number         0  dmul.o(x$fpl$dmul)
    x$fpl$dnaninf                            0x000047b4   Section      156  dnaninf.o(x$fpl$dnaninf)
    $v0                                      0x000047b4   Number         0  dnaninf.o(x$fpl$dnaninf)
    x$fpl$dretinf                            0x00004850   Section       12  dretinf.o(x$fpl$dretinf)
    $v0                                      0x00004850   Number         0  dretinf.o(x$fpl$dretinf)
    x$fpl$dsub                               0x0000485c   Section      468  daddsub_clz.o(x$fpl$dsub)
    $v0                                      0x0000485c   Number         0  daddsub_clz.o(x$fpl$dsub)
    _dsub1                                   0x0000486d   Thumb Code     0  daddsub_clz.o(x$fpl$dsub)
    x$fpl$f2d                                0x00004a30   Section       86  f2d.o(x$fpl$f2d)
    $v0                                      0x00004a30   Number         0  f2d.o(x$fpl$f2d)
    x$fpl$fnaninf                            0x00004a86   Section      140  fnaninf.o(x$fpl$fnaninf)
    $v0                                      0x00004a86   Number         0  fnaninf.o(x$fpl$fnaninf)
    x$fpl$fpinit                             0x00004b12   Section       10  fpinit.o(x$fpl$fpinit)
    $v0                                      0x00004b12   Number         0  fpinit.o(x$fpl$fpinit)
    x$fpl$fretinf                            0x00004b1c   Section       10  fretinf.o(x$fpl$fretinf)
    $v0                                      0x00004b1c   Number         0  fretinf.o(x$fpl$fretinf)
    x$fpl$printf1                            0x00004b26   Section        4  printf1.o(x$fpl$printf1)
    $v0                                      0x00004b26   Number         0  printf1.o(x$fpl$printf1)
    x$fpl$printf2                            0x00004b2a   Section        4  printf2.o(x$fpl$printf2)
    $v0                                      0x00004b2a   Number         0  printf2.o(x$fpl$printf2)
    x$fpl$usenofp                            0x00004b2e   Section        0  usenofp.o(x$fpl$usenofp)
    .constdata                               0x00004b30   Section        8  _printf_wctomb.o(.constdata)
    initial_mbstate                          0x00004b30   Data           8  _printf_wctomb.o(.constdata)
    .constdata                               0x00004b38   Section       40  _printf_hex_int_ll_ptr.o(.constdata)
    uc_hextab                                0x00004b38   Data          20  _printf_hex_int_ll_ptr.o(.constdata)
    lc_hextab                                0x00004b4c   Data          20  _printf_hex_int_ll_ptr.o(.constdata)
    .constdata                               0x00004b60   Section       17  __printf_flags_ss_wp.o(.constdata)
    maptable                                 0x00004b60   Data          17  __printf_flags_ss_wp.o(.constdata)
    .constdata                               0x00004b71   Section       38  _printf_fp_hex.o(.constdata)
    lc_hextab                                0x00004b71   Data          19  _printf_fp_hex.o(.constdata)
    uc_hextab                                0x00004b84   Data          19  _printf_fp_hex.o(.constdata)
    .constdata                               0x00004b98   Section      148  bigflt0.o(.constdata)
    tenpwrs_x                                0x00004b98   Data          60  bigflt0.o(.constdata)
    tenpwrs_i                                0x00004bd4   Data          64  bigflt0.o(.constdata)
    .conststring                             0x00004c2c   Section       66  main.o(.conststring)
    locale$$data                             0x00004c90   Section       28  lc_numeric_c.o(locale$$data)
    __lcnum_c_name                           0x00004c94   Data           2  lc_numeric_c.o(locale$$data)
    __lcnum_c_start                          0x00004c9c   Data           0  lc_numeric_c.o(locale$$data)
    __lcnum_c_point                          0x00004ca8   Data           0  lc_numeric_c.o(locale$$data)
    __lcnum_c_thousands                      0x00004caa   Data           0  lc_numeric_c.o(locale$$data)
    __lcnum_c_grouping                       0x00004cab   Data           0  lc_numeric_c.o(locale$$data)
    locale$$data                             0x00004cac   Section      272  lc_ctype_c.o(locale$$data)
    __lcnum_c_end                            0x00004cac   Data           0  lc_numeric_c.o(locale$$data)
    __lcctype_c_name                         0x00004cb0   Data           2  lc_ctype_c.o(locale$$data)
    __lcctype_c_start                        0x00004cb8   Data           0  lc_ctype_c.o(locale$$data)
    __lcctype_c_end                          0x00004dbc   Data           0  lc_ctype_c.o(locale$$data)
    .data                                    0x20000000   Section        1  lcd.o(.data)
    .data                                    0x20000001   Section       11  main.o(.data)
    .data                                    0x2000000c   Section       24  keypad.o(.data)
    .bss                                     0x20000024   Section       44  main.o(.bss)
    .bss                                     0x20000050   Section       96  libspace.o(.bss)
    HEAP                                     0x200000b0   Section        0  startup_tm4c123.o(HEAP)
    STACK                                    0x200000b0   Section      512  startup_tm4c123.o(STACK)
    Heap_Mem                                 0x200000b0   Data           0  startup_tm4c123.o(HEAP)
    Stack_Mem                                0x200000b0   Data         512  startup_tm4c123.o(STACK)
    __initial_sp                             0x200002b0   Data           0  startup_tm4c123.o(STACK)

    Global Symbols

    Symbol Name                              Value     Ov Type        Size  Object(Section)

    BuildAttributes$$THM_ISAv4$E$P$D$K$B$S$7EM$VFPi3$EXTD16$VFPS$VFMA$PE$A:L22UL41UL21$X:L11$S22US41US21$IEEE1$IW$USESV6$~STKCKD$USESV7$~SHL$OTIME$ROPI$IEEEJ$EBA8$UX$STANDARDLIB$REQ8$PRES8$EABIv2 0x00000000   Number         0  anon$$obj.o ABSOLUTE
    __ARM_use_no_argv                        0x00000000   Number         0  main.o ABSOLUTE
    __Vectors                                0x00000000   Data           4  startup_tm4c123.o(RESET)
    _printf_flags                            0x00000000   Number         0  printf_stubs.o ABSOLUTE
    _printf_return_value                     0x00000000   Number         0  printf_stubs.o ABSOLUTE
    _printf_sizespec                         0x00000000   Number         0  printf_stubs.o ABSOLUTE
    _printf_widthprec                        0x00000000   Number         0  printf_stubs.o ABSOLUTE
    __ARM_exceptions_init                     - Undefined Weak Reference
    __alloca_initialize                       - Undefined Weak Reference
    __arm_preinit_                            - Undefined Weak Reference
    __cpp_initialize__aeabi_                  - Undefined Weak Reference
    __cxa_finalize                            - Undefined Weak Reference
    __sigvec_lookup                           - Undefined Weak Reference
    _atexit_init                              - Undefined Weak Reference
    _call_atexit_fns                          - Undefined Weak Reference
    _clock_init                               - Undefined Weak Reference
    _fp_trap_init                             - Undefined Weak Reference
    _fp_trap_shutdown                         - Undefined Weak Reference
    _get_lc_collate                           - Undefined Weak Reference
    _get_lc_monetary                          - Undefined Weak Reference
    _get_lc_time                              - Undefined Weak Reference
    _getenv_init                              - Undefined Weak Reference
    _handle_redirection                       - Undefined Weak Reference
    _init_alloc                               - Undefined Weak Reference
    _init_user_alloc                          - Undefined Weak Reference
    _initio                                   - Undefined Weak Reference
    _printf_mbtowc                            - Undefined Weak Reference
    _printf_wc                                - Undefined Weak Reference
    _rand_init                                - Undefined Weak Reference
    _signal_finish                            - Undefined Weak Reference
    _signal_init                              - Undefined Weak Reference
    _terminate_alloc                          - Undefined Weak Reference
    _terminate_user_alloc                     - Undefined Weak Reference
    _terminateio                              - Undefined Weak Reference
    __Vectors_End                            0x0000026c   Data           0  startup_tm4c123.o(RESET)
    __Vectors_Size                           0x0000026c   Number         0  startup_tm4c123.o ABSOLUTE
    __main                                   0x0000026d   Thumb Code     8  __main.o(!!!main)
    __scatterload                            0x00000275   Thumb Code     0  __scatter.o(!!!scatter)
    __scatterload_rt2                        0x00000275   Thumb Code    44  __scatter.o(!!!scatter)
    __scatterload_rt2_thumb_only             0x00000275   Thumb Code     0  __scatter.o(!!!scatter)
    __scatterload_null                       0x00000283   Thumb Code     0  __scatter.o(!!!scatter)
    __scatterload_copy                       0x000002a9   Thumb Code    26  __scatter_copy.o(!!handler_copy)
    __scatterload_zeroinit                   0x000002c5   Thumb Code    28  __scatter_zi.o(!!handler_zi)
    _printf_n                                0x000002e1   Thumb Code     0  _printf_n.o(.ARM.Collect$$_printf_percent$$00000001)
    _printf_percent                          0x000002e1   Thumb Code     0  _printf_percent.o(.ARM.Collect$$_printf_percent$$00000000)
    _printf_p                                0x000002e7   Thumb Code     0  _printf_p.o(.ARM.Collect$$_printf_percent$$00000002)
    _printf_f                                0x000002ed   Thumb Code     0  _printf_f.o(.ARM.Collect$$_printf_percent$$00000003)
    _printf_e                                0x000002f3   Thumb Code     0  _printf_e.o(.ARM.Collect$$_printf_percent$$00000004)
    _printf_g                                0x000002f9   Thumb Code     0  _printf_g.o(.ARM.Collect$$_printf_percent$$00000005)
    _printf_a                                0x000002ff   Thumb Code     0  _printf_a.o(.ARM.Collect$$_printf_percent$$00000006)
    _printf_ll                               0x00000305   Thumb Code     0  _printf_ll.o(.ARM.Collect$$_printf_percent$$00000007)
    _printf_i                                0x0000030f   Thumb Code     0  _printf_i.o(.ARM.Collect$$_printf_percent$$00000008)
    _printf_d                                0x00000315   Thumb Code     0  _printf_d.o(.ARM.Collect$$_printf_percent$$00000009)
    _printf_u                                0x0000031b   Thumb Code     0  _printf_u.o(.ARM.Collect$$_printf_percent$$0000000A)
    _printf_o                                0x00000321   Thumb Code     0  _printf_o.o(.ARM.Collect$$_printf_percent$$0000000B)
    _printf_x                                0x00000327   Thumb Code     0  _printf_x.o(.ARM.Collect$$_printf_percent$$0000000C)
    _printf_lli                              0x0000032d   Thumb Code     0  _printf_lli.o(.ARM.Collect$$_printf_percent$$0000000D)
    _printf_lld                              0x00000333   Thumb Code     0  _printf_lld.o(.ARM.Collect$$_printf_percent$$0000000E)
    _printf_llu                              0x00000339   Thumb Code     0  _printf_llu.o(.ARM.Collect$$_printf_percent$$0000000F)
    _printf_llo                              0x0000033f   Thumb Code     0  _printf_llo.o(.ARM.Collect$$_printf_percent$$00000010)
    _printf_llx                              0x00000345   Thumb Code     0  _printf_llx.o(.ARM.Collect$$_printf_percent$$00000011)
    _printf_l                                0x0000034b   Thumb Code     0  _printf_l.o(.ARM.Collect$$_printf_percent$$00000012)
    _printf_c                                0x00000355   Thumb Code     0  _printf_c.o(.ARM.Collect$$_printf_percent$$00000013)
    _printf_s                                0x0000035b   Thumb Code     0  _printf_s.o(.ARM.Collect$$_printf_percent$$00000014)
    _printf_lc                               0x00000361   Thumb Code     0  _printf_lc.o(.ARM.Collect$$_printf_percent$$00000015)
    _printf_ls                               0x00000367   Thumb Code     0  _printf_ls.o(.ARM.Collect$$_printf_percent$$00000016)
    _printf_percent_end                      0x0000036d   Thumb Code     0  _printf_percent_end.o(.ARM.Collect$$_printf_percent$$00000017)
    __rt_lib_init                            0x00000371   Thumb Code     0  libinit.o(.ARM.Collect$$libinit$$00000000)
    __rt_lib_init_fp_1                       0x00000373   Thumb Code     0  libinit2.o(.ARM.Collect$$libinit$$00000001)
    __rt_lib_init_heap_1                     0x00000377   Thumb Code     0  libinit2.o(.ARM.Collect$$libinit$$0000000A)
    __rt_lib_init_lc_common                  0x00000377   Thumb Code     0  libinit2.o(.ARM.Collect$$libinit$$0000000F)
    __rt_lib_init_preinit_1                  0x00000377   Thumb Code     0  libinit2.o(.ARM.Collect$$libinit$$00000004)
    __rt_lib_init_rand_1                     0x00000377   Thumb Code     0  libinit2.o(.ARM.Collect$$libinit$$0000000E)
    __rt_lib_init_user_alloc_1               0x00000377   Thumb Code     0  libinit2.o(.ARM.Collect$$libinit$$0000000C)
    __rt_lib_init_lc_collate_1               0x0000037d   Thumb Code     0  libinit2.o(.ARM.Collect$$libinit$$00000011)
    __rt_lib_init_lc_ctype_2                 0x0000037d   Thumb Code     0  libinit2.o(.ARM.Collect$$libinit$$00000012)
    __rt_lib_init_lc_ctype_1                 0x00000389   Thumb Code     0  libinit2.o(.ARM.Collect$$libinit$$00000013)
    __rt_lib_init_lc_monetary_1              0x00000389   Thumb Code     0  libinit2.o(.ARM.Collect$$libinit$$00000015)
    __rt_lib_init_lc_numeric_2               0x00000389   Thumb Code     0  libinit2.o(.ARM.Collect$$libinit$$00000016)
    __rt_lib_init_alloca_1                   0x00000393   Thumb Code     0  libinit2.o(.ARM.Collect$$libinit$$0000002E)
    __rt_lib_init_argv_1                     0x00000393   Thumb Code     0  libinit2.o(.ARM.Collect$$libinit$$0000002C)
    __rt_lib_init_atexit_1                   0x00000393   Thumb Code     0  libinit2.o(.ARM.Collect$$libinit$$0000001B)
    __rt_lib_init_clock_1                    0x00000393   Thumb Code     0  libinit2.o(.ARM.Collect$$libinit$$00000021)
    __rt_lib_init_cpp_1                      0x00000393   Thumb Code     0  libinit2.o(.ARM.Collect$$libinit$$00000032)
    __rt_lib_init_exceptions_1               0x00000393   Thumb Code     0  libinit2.o(.ARM.Collect$$libinit$$00000030)
    __rt_lib_init_fp_trap_1                  0x00000393   Thumb Code     0  libinit2.o(.ARM.Collect$$libinit$$0000001F)
    __rt_lib_init_getenv_1                   0x00000393   Thumb Code     0  libinit2.o(.ARM.Collect$$libinit$$00000023)
    __rt_lib_init_lc_numeric_1               0x00000393   Thumb Code     0  libinit2.o(.ARM.Collect$$libinit$$00000017)
    __rt_lib_init_lc_time_1                  0x00000393   Thumb Code     0  libinit2.o(.ARM.Collect$$libinit$$00000019)
    __rt_lib_init_return                     0x00000393   Thumb Code     0  libinit2.o(.ARM.Collect$$libinit$$00000033)
    __rt_lib_init_signal_1                   0x00000393   Thumb Code     0  libinit2.o(.ARM.Collect$$libinit$$0000001D)
    __rt_lib_init_stdio_1                    0x00000393   Thumb Code     0  libinit2.o(.ARM.Collect$$libinit$$00000025)
    __rt_lib_shutdown                        0x00000395   Thumb Code     0  libshutdown.o(.ARM.Collect$$libshutdown$$00000000)
    __rt_lib_shutdown_cpp_1                  0x00000397   Thumb Code     0  libshutdown2.o(.ARM.Collect$$libshutdown$$00000002)
    __rt_lib_shutdown_fp_trap_1              0x00000397   Thumb Code     0  libshutdown2.o(.ARM.Collect$$libshutdown$$00000007)
    __rt_lib_shutdown_heap_1                 0x00000397   Thumb Code     0  libshutdown2.o(.ARM.Collect$$libshutdown$$0000000F)
    __rt_lib_shutdown_return                 0x00000397   Thumb Code     0  libshutdown2.o(.ARM.Collect$$libshutdown$$00000010)
    __rt_lib_shutdown_signal_1               0x00000397   Thumb Code     0  libshutdown2.o(.ARM.Collect$$libshutdown$$0000000A)
    __rt_lib_shutdown_stdio_1                0x00000397   Thumb Code     0  libshutdown2.o(.ARM.Collect$$libshutdown$$00000004)
    __rt_lib_shutdown_user_alloc_1           0x00000397   Thumb Code     0  libshutdown2.o(.ARM.Collect$$libshutdown$$0000000C)
    __rt_entry                               0x00000399   Thumb Code     0  __rtentry.o(.ARM.Collect$$rtentry$$00000000)
    __rt_entry_presh_1                       0x00000399   Thumb Code     0  __rtentry2.o(.ARM.Collect$$rtentry$$00000002)
    __rt_entry_sh                            0x00000399   Thumb Code     0  __rtentry4.o(.ARM.Collect$$rtentry$$00000004)
    __rt_entry_li                            0x0000039f   Thumb Code     0  __rtentry2.o(.ARM.Collect$$rtentry$$0000000A)
    __rt_entry_postsh_1                      0x0000039f   Thumb Code     0  __rtentry2.o(.ARM.Collect$$rtentry$$00000009)
    __rt_entry_main                          0x000003a3   Thumb Code     0  __rtentry2.o(.ARM.Collect$$rtentry$$0000000D)
    __rt_entry_postli_1                      0x000003a3   Thumb Code     0  __rtentry2.o(.ARM.Collect$$rtentry$$0000000C)
    __rt_exit                                0x000003ab   Thumb Code     0  rtexit.o(.ARM.Collect$$rtexit$$00000000)
    __rt_exit_ls                             0x000003ad   Thumb Code     0  rtexit2.o(.ARM.Collect$$rtexit$$00000003)
    __rt_exit_prels_1                        0x000003ad   Thumb Code     0  rtexit2.o(.ARM.Collect$$rtexit$$00000002)
    __rt_exit_exit                           0x000003b1   Thumb Code     0  rtexit2.o(.ARM.Collect$$rtexit$$00000004)
    Reset_Handler                            0x000003b9   Thumb Code     8  startup_tm4c123.o(.text)
    NMI_Handler                              0x000003c1   Thumb Code     2  startup_tm4c123.o(.text)
    HardFault_Handler                        0x000003c3   Thumb Code     2  startup_tm4c123.o(.text)
    MemManage_Handler                        0x000003c5   Thumb Code     2  startup_tm4c123.o(.text)
    BusFault_Handler                         0x000003c7   Thumb Code     2  startup_tm4c123.o(.text)
    UsageFault_Handler                       0x000003c9   Thumb Code     2  startup_tm4c123.o(.text)
    SVC_Handler                              0x000003cb   Thumb Code     2  startup_tm4c123.o(.text)
    DebugMon_Handler                         0x000003cd   Thumb Code     2  startup_tm4c123.o(.text)
    PendSV_Handler                           0x000003cf   Thumb Code     2  startup_tm4c123.o(.text)
    SysTick_Handler                          0x000003d1   Thumb Code     2  startup_tm4c123.o(.text)
    GPIOA_Handler                            0x000003d3   Thumb Code     2  startup_tm4c123.o(.text)
    GPIOB_Handler                            0x000003d5   Thumb Code     2  startup_tm4c123.o(.text)
    GPIOC_Handler                            0x000003d7   Thumb Code     2  startup_tm4c123.o(.text)
    GPIOD_Handler                            0x000003d9   Thumb Code     2  startup_tm4c123.o(.text)
    GPIOE_Handler                            0x000003db   Thumb Code     2  startup_tm4c123.o(.text)
    UART0_Handler                            0x000003dd   Thumb Code     2  startup_tm4c123.o(.text)
    UART1_Handler                            0x000003df   Thumb Code     2  startup_tm4c123.o(.text)
    SSI0_Handler                             0x000003e1   Thumb Code     2  startup_tm4c123.o(.text)
    I2C0_Handler                             0x000003e3   Thumb Code     2  startup_tm4c123.o(.text)
    PMW0_FAULT_Handler                       0x000003e5   Thumb Code     2  startup_tm4c123.o(.text)
    PWM0_0_Handler                           0x000003e7   Thumb Code     2  startup_tm4c123.o(.text)
    PWM0_1_Handler                           0x000003e9   Thumb Code     2  startup_tm4c123.o(.text)
    PWM0_2_Handler                           0x000003eb   Thumb Code     2  startup_tm4c123.o(.text)
    QEI0_Handler                             0x000003ed   Thumb Code     2  startup_tm4c123.o(.text)
    ADC0SS0_Handler                          0x000003ef   Thumb Code     2  startup_tm4c123.o(.text)
    ADC0SS1_Handler                          0x000003f1   Thumb Code     2  startup_tm4c123.o(.text)
    ADC0SS2_Handler                          0x000003f3   Thumb Code     2  startup_tm4c123.o(.text)
    ADC0SS3_Handler                          0x000003f5   Thumb Code     2  startup_tm4c123.o(.text)
    WDT0_Handler                             0x000003f7   Thumb Code     2  startup_tm4c123.o(.text)
    TIMER0A_Handler                          0x000003f9   Thumb Code     2  startup_tm4c123.o(.text)
    TIMER0B_Handler                          0x000003fb   Thumb Code     2  startup_tm4c123.o(.text)
    TIMER1A_Handler                          0x000003fd   Thumb Code     2  startup_tm4c123.o(.text)
    TIMER1B_Handler                          0x000003ff   Thumb Code     2  startup_tm4c123.o(.text)
    TIMER2A_Handler                          0x00000401   Thumb Code     2  startup_tm4c123.o(.text)
    TIMER2B_Handler                          0x00000403   Thumb Code     2  startup_tm4c123.o(.text)
    COMP0_Handler                            0x00000405   Thumb Code     2  startup_tm4c123.o(.text)
    COMP1_Handler                            0x00000407   Thumb Code     2  startup_tm4c123.o(.text)
    COMP2_Handler                            0x00000409   Thumb Code     2  startup_tm4c123.o(.text)
    SYSCTL_Handler                           0x0000040b   Thumb Code     2  startup_tm4c123.o(.text)
    FLASH_Handler                            0x0000040d   Thumb Code     2  startup_tm4c123.o(.text)
    GPIOF_Handler                            0x0000040f   Thumb Code     2  startup_tm4c123.o(.text)
    GPIOG_Handler                            0x00000411   Thumb Code     2  startup_tm4c123.o(.text)
    GPIOH_Handler                            0x00000413   Thumb Code     2  startup_tm4c123.o(.text)
    UART2_Handler                            0x00000415   Thumb Code     2  startup_tm4c123.o(.text)
    SSI1_Handler                             0x00000417   Thumb Code     2  startup_tm4c123.o(.text)
    TIMER3A_Handler                          0x00000419   Thumb Code     2  startup_tm4c123.o(.text)
    TIMER3B_Handler                          0x0000041b   Thumb Code     2  startup_tm4c123.o(.text)
    I2C1_Handler                             0x0000041d   Thumb Code     2  startup_tm4c123.o(.text)
    QEI1_Handler                             0x0000041f   Thumb Code     2  startup_tm4c123.o(.text)
    CAN0_Handler                             0x00000421   Thumb Code     2  startup_tm4c123.o(.text)
    CAN1_Handler                             0x00000423   Thumb Code     2  startup_tm4c123.o(.text)
    CAN2_Handler                             0x00000425   Thumb Code     2  startup_tm4c123.o(.text)
    HIB_Handler                              0x00000427   Thumb Code     2  startup_tm4c123.o(.text)
    USB0_Handler                             0x00000429   Thumb Code     2  startup_tm4c123.o(.text)
    PWM0_3_Handler                           0x0000042b   Thumb Code     2  startup_tm4c123.o(.text)
    UDMA_Handler                             0x0000042d   Thumb Code     2  startup_tm4c123.o(.text)
    UDMAERR_Handler                          0x0000042f   Thumb Code     2  startup_tm4c123.o(.text)
    ADC1SS0_Handler                          0x00000431   Thumb Code     2  startup_tm4c123.o(.text)
    ADC1SS1_Handler                          0x00000433   Thumb Code     2  startup_tm4c123.o(.text)
    ADC1SS2_Handler                          0x00000435   Thumb Code     2  startup_tm4c123.o(.text)
    ADC1SS3_Handler                          0x00000437   Thumb Code     2  startup_tm4c123.o(.text)
    GPIOJ_Handler                            0x00000439   Thumb Code     2  startup_tm4c123.o(.text)
    GPIOK_Handler                            0x0000043b   Thumb Code     2  startup_tm4c123.o(.text)
    GPIOL_Handler                            0x0000043d   Thumb Code     2  startup_tm4c123.o(.text)
    SSI2_Handler                             0x0000043f   Thumb Code     2  startup_tm4c123.o(.text)
    SSI3_Handler                             0x00000441   Thumb Code     2  startup_tm4c123.o(.text)
    UART3_Handler                            0x00000443   Thumb Code     2  startup_tm4c123.o(.text)
    UART4_Handler                            0x00000445   Thumb Code     2  startup_tm4c123.o(.text)
    UART5_Handler                            0x00000447   Thumb Code     2  startup_tm4c123.o(.text)
    UART6_Handler                            0x00000449   Thumb Code     2  startup_tm4c123.o(.text)
    UART7_Handler                            0x0000044b   Thumb Code     2  startup_tm4c123.o(.text)
    I2C2_Handler                             0x0000044d   Thumb Code     2  startup_tm4c123.o(.text)
    I2C3_Handler                             0x0000044f   Thumb Code     2  startup_tm4c123.o(.text)
    TIMER4A_Handler                          0x00000451   Thumb Code     2  startup_tm4c123.o(.text)
    TIMER4B_Handler                          0x00000453   Thumb Code     2  startup_tm4c123.o(.text)
    TIMER5A_Handler                          0x00000455   Thumb Code     2  startup_tm4c123.o(.text)
    TIMER5B_Handler                          0x00000457   Thumb Code     2  startup_tm4c123.o(.text)
    WTIMER0A_Handler                         0x00000459   Thumb Code     2  startup_tm4c123.o(.text)
    WTIMER0B_Handler                         0x0000045b   Thumb Code     2  startup_tm4c123.o(.text)
    WTIMER1A_Handler                         0x0000045d   Thumb Code     2  startup_tm4c123.o(.text)
    WTIMER1B_Handler                         0x0000045f   Thumb Code     2  startup_tm4c123.o(.text)
    WTIMER2A_Handler                         0x00000461   Thumb Code     2  startup_tm4c123.o(.text)
    WTIMER2B_Handler                         0x00000463   Thumb Code     2  startup_tm4c123.o(.text)
    WTIMER3A_Handler                         0x00000465   Thumb Code     2  startup_tm4c123.o(.text)
    WTIMER3B_Handler                         0x00000467   Thumb Code     2  startup_tm4c123.o(.text)
    WTIMER4A_Handler                         0x00000469   Thumb Code     2  startup_tm4c123.o(.text)
    WTIMER4B_Handler                         0x0000046b   Thumb Code     2  startup_tm4c123.o(.text)
    WTIMER5A_Handler                         0x0000046d   Thumb Code     2  startup_tm4c123.o(.text)
    WTIMER5B_Handler                         0x0000046f   Thumb Code     2  startup_tm4c123.o(.text)
    FPU_Handler                              0x00000471   Thumb Code     2  startup_tm4c123.o(.text)
    I2C4_Handler                             0x00000473   Thumb Code     2  startup_tm4c123.o(.text)
    I2C5_Handler                             0x00000475   Thumb Code     2  startup_tm4c123.o(.text)
    GPIOM_Handler                            0x00000477   Thumb Code     2  startup_tm4c123.o(.text)
    GPION_Handler                            0x00000479   Thumb Code     2  startup_tm4c123.o(.text)
    QEI2_Handler                             0x0000047b   Thumb Code     2  startup_tm4c123.o(.text)
    GPIOP0_Handler                           0x0000047d   Thumb Code     2  startup_tm4c123.o(.text)
    GPIOP1_Handler                           0x0000047f   Thumb Code     2  startup_tm4c123.o(.text)
    GPIOP2_Handler                           0x00000481   Thumb Code     2  startup_tm4c123.o(.text)
    GPIOP3_Handler                           0x00000483   Thumb Code     2  startup_tm4c123.o(.text)
    GPIOP4_Handler                           0x00000485   Thumb Code     2  startup_tm4c123.o(.text)
    GPIOP5_Handler                           0x00000487   Thumb Code     2  startup_tm4c123.o(.text)
    GPIOP6_Handler                           0x00000489   Thumb Code     2  startup_tm4c123.o(.text)
    GPIOP7_Handler                           0x0000048b   Thumb Code     2  startup_tm4c123.o(.text)
    GPIOQ0_Handler                           0x0000048d   Thumb Code     2  startup_tm4c123.o(.text)
    GPIOQ1_Handler                           0x0000048f   Thumb Code     2  startup_tm4c123.o(.text)
    GPIOQ2_Handler                           0x00000491   Thumb Code     2  startup_tm4c123.o(.text)
    GPIOQ3_Handler                           0x00000493   Thumb Code     2  startup_tm4c123.o(.text)
    GPIOQ4_Handler                           0x00000495   Thumb Code     2  startup_tm4c123.o(.text)
    GPIOQ5_Handler                           0x00000497   Thumb Code     2  startup_tm4c123.o(.text)
    GPIOQ6_Handler                           0x00000499   Thumb Code     2  startup_tm4c123.o(.text)
    GPIOQ7_Handler                           0x0000049b   Thumb Code     2  startup_tm4c123.o(.text)
    GPIOR_Handler                            0x0000049d   Thumb Code     2  startup_tm4c123.o(.text)
    GPIOS_Handler                            0x0000049f   Thumb Code     2  startup_tm4c123.o(.text)
    PMW1_0_Handler                           0x000004a1   Thumb Code     2  startup_tm4c123.o(.text)
    PWM1_1_Handler                           0x000004a3   Thumb Code     2  startup_tm4c123.o(.text)
    PWM1_2_Handler                           0x000004a5   Thumb Code     2  startup_tm4c123.o(.text)
    PWM1_3_Handler                           0x000004a7   Thumb Code     2  startup_tm4c123.o(.text)
    PWM1_FAULT_Handler                       0x000004a9   Thumb Code     2  startup_tm4c123.o(.text)
    __user_initial_stackheap                 0x000004ad   Thumb Code     0  startup_tm4c123.o(.text)
    vsprintf                                 0x000004cd   Thumb Code    32  vsprintf.o(.text)
    __use_two_region_memory                  0x000004f1   Thumb Code     2  heapauxi.o(.text)
    __rt_heap_escrow$2region                 0x000004f3   Thumb Code     2  heapauxi.o(.text)
    __rt_heap_expand$2region                 0x000004f5   Thumb Code     2  heapauxi.o(.text)
    _printf_pre_padding                      0x000004f7   Thumb Code    44  _printf_pad.o(.text)
    _printf_post_padding                     0x00000523   Thumb Code    34  _printf_pad.o(.text)
    _printf_truncate_signed                  0x00000545   Thumb Code    18  _printf_truncate.o(.text)
    _printf_truncate_unsigned                0x00000557   Thumb Code    18  _printf_truncate.o(.text)
    _printf_str                              0x00000569   Thumb Code    82  _printf_str.o(.text)
    _printf_int_dec                          0x000005bd   Thumb Code   104  _printf_dec.o(.text)
    _printf_charcount                        0x00000635   Thumb Code    40  _printf_charcount.o(.text)
    _printf_char_common                      0x00000667   Thumb Code    32  _printf_char_common.o(.text)
    _sputc                                   0x0000068d   Thumb Code    10  _sputc.o(.text)
    _printf_wctomb                           0x00000699   Thumb Code   182  _printf_wctomb.o(.text)
    _printf_longlong_dec                     0x00000755   Thumb Code   108  _printf_longlong_dec.o(.text)
    _printf_longlong_oct                     0x000007d1   Thumb Code    66  _printf_oct_int_ll.o(.text)
    _printf_int_oct                          0x00000813   Thumb Code    24  _printf_oct_int_ll.o(.text)
    _printf_ll_oct                           0x0000082b   Thumb Code    12  _printf_oct_int_ll.o(.text)
    _printf_longlong_hex                     0x00000841   Thumb Code    86  _printf_hex_int_ll_ptr.o(.text)
    _printf_int_hex                          0x00000897   Thumb Code    28  _printf_hex_int_ll_ptr.o(.text)
    _printf_ll_hex                           0x000008b3   Thumb Code    12  _printf_hex_int_ll_ptr.o(.text)
    _printf_hex_ptr                          0x000008bf   Thumb Code    18  _printf_hex_int_ll_ptr.o(.text)
    __printf                                 0x000008d5   Thumb Code   388  __printf_flags_ss_wp.o(.text)
    _ll_udiv10                               0x00000a5d   Thumb Code   138  lludiv10.o(.text)
    _printf_int_common                       0x00000ae7   Thumb Code   178  _printf_intcommon.o(.text)
    __lib_sel_fp_printf                      0x00000b99   Thumb Code     2  _printf_fp_dec.o(.text)
    _printf_fp_dec_real                      0x00000d4b   Thumb Code   620  _printf_fp_dec.o(.text)
    _printf_fp_hex_real                      0x00000fb9   Thumb Code   756  _printf_fp_hex.o(.text)
    _printf_cs_common                        0x000012b5   Thumb Code    20  _printf_char.o(.text)
    _printf_char                             0x000012c9   Thumb Code    16  _printf_char.o(.text)
    _printf_string                           0x000012d9   Thumb Code     8  _printf_char.o(.text)
    _printf_lcs_common                       0x000012e1   Thumb Code    20  _printf_wchar.o(.text)
    _printf_wchar                            0x000012f5   Thumb Code    16  _printf_wchar.o(.text)
    _printf_wstring                          0x00001305   Thumb Code     8  _printf_wchar.o(.text)
    _wcrtomb                                 0x0000130d   Thumb Code    64  _wcrtomb.o(.text)
    __user_setup_stackheap                   0x0000134d   Thumb Code    74  sys_stackheap_outer.o(.text)
    __rt_ctype_table                         0x00001399   Thumb Code    16  rt_ctype_table.o(.text)
    __rt_locale                              0x000013a9   Thumb Code     8  rt_locale_intlibspace.o(.text)
    _printf_fp_infnan                        0x000013b1   Thumb Code   112  _printf_fp_infnan.o(.text)
    _btod_etento                             0x00001431   Thumb Code   224  bigflt0.o(.text)
    exit                                     0x00001515   Thumb Code    18  exit.o(.text)
    __user_libspace                          0x00001529   Thumb Code     8  libspace.o(.text)
    __user_perproc_libspace                  0x00001529   Thumb Code     0  libspace.o(.text)
    __user_perthread_libspace                0x00001529   Thumb Code     0  libspace.o(.text)
    strcmp                                   0x00001531   Thumb Code   128  strcmpv7m.o(.text)
    _sys_exit                                0x000015b1   Thumb Code     8  sys_exit.o(.text)
    __I$use$semihosting                      0x000015bd   Thumb Code     0  use_no_semi.o(.text)
    __use_no_semihosting_swi                 0x000015bd   Thumb Code     2  use_no_semi.o(.text)
    __semihosting_library_function           0x000015bf   Thumb Code     0  indicate_semi.o(.text)
    _btod_d2e                                0x000015bf   Thumb Code    62  btod.o(CL$$btod_d2e)
    _d2e_denorm_low                          0x000015fd   Thumb Code    70  btod.o(CL$$btod_d2e_denorm_low)
    _d2e_norm_op1                            0x00001643   Thumb Code    96  btod.o(CL$$btod_d2e_norm_op1)
    __btod_div_common                        0x000016a3   Thumb Code   696  btod.o(CL$$btod_div_common)
    _e2e                                     0x000019db   Thumb Code   220  btod.o(CL$$btod_e2e)
    _btod_ediv                               0x00001ab7   Thumb Code    42  btod.o(CL$$btod_ediv)
    _btod_emul                               0x00001ae1   Thumb Code    42  btod.o(CL$$btod_emul)
    __btod_mult_common                       0x00001b0b   Thumb Code   580  btod.o(CL$$btod_mult_common)
    Delay_m                                  0x00001d4f   Thumb Code    26  uart.o(i.Delay_m)
    GPIO_InitialPin                          0x00001d69   Thumb Code  4522  gpio.o(i.GPIO_InitialPin)
    GPIO_PinDirection                        0x00002f1d   Thumb Code    32  gpio.o(i.GPIO_PinDirection)
    GPIO_PinRead                             0x00002f3d   Thumb Code    12  gpio.o(i.GPIO_PinRead)
    KeyPad_getPressedKey                     0x00002f49   Thumb Code    62  keypad.o(i.KeyPad_getPressedKey)
    LCD_Back                                 0x00002f95   Thumb Code    18  lcd.o(i.LCD_Back)
    LCD_Blink                                0x00002fa7   Thumb Code    48  lcd.o(i.LCD_Blink)
    LCD_Clear                                0x00002fd9   Thumb Code    30  lcd.o(i.LCD_Clear)
    LCD_Delay                                0x00002ffd   Thumb Code    10  lcd.o(i.LCD_Delay)
    LCD_Handle_Cursor                        0x00003009   Thumb Code    44  lcd.o(i.LCD_Handle_Cursor)
    LCD_Init                                 0x00003039   Thumb Code   154  lcd.o(i.LCD_Init)
    LCD_Set_Cursor_Position                  0x000030e9   Thumb Code    70  lcd.o(i.LCD_Set_Cursor_Position)
    LCD_Shift_Cursor_Left                    0x0000313d   Thumb Code    46  lcd.o(i.LCD_Shift_Cursor_Left)
    LCD_Shift_Cursor_Right                   0x00003171   Thumb Code    46  lcd.o(i.LCD_Shift_Cursor_Right)
    LCD_Write_Char                           0x000031a5   Thumb Code    82  lcd.o(i.LCD_Write_Char)
    LCD_Write_Command                        0x00003201   Thumb Code    78  lcd.o(i.LCD_Write_Command)
    LCD_Write_String                         0x00003259   Thumb Code    32  lcd.o(i.LCD_Write_String)
    LCD_Write_String_Position                0x00003279   Thumb Code    24  lcd.o(i.LCD_Write_String_Position)
    Login                                    0x00003291   Thumb Code   124  main.o(i.Login)
    Login_Validation                         0x00003351   Thumb Code    40  main.o(i.Login_Validation)
    SystemInit                               0x0000337d   Thumb Code   112  system_tm4c123.o(i.SystemInit)
    UART4_MSPInit                            0x00003415   Thumb Code   104  uart.o(i.UART4_MSPInit)
    UART4_init                               0x0000348d   Thumb Code   662  uart.o(i.UART4_init)
    UART4_receiveChar                        0x00003751   Thumb Code    30  uart.o(i.UART4_receiveChar)
    UART4_trasnmitChar                       0x00003775   Thumb Code    20  uart.o(i.UART4_trasnmitChar)
    UART4_trasnmitString                     0x0000378d   Thumb Code    34  uart.o(i.UART4_trasnmitString)
    UART_Config                              0x000037b1   Thumb Code    32  main.o(i.UART_Config)
    __ARM_fpclassify                         0x000037d5   Thumb Code    48  fpclassify.o(i.__ARM_fpclassify)
    _is_digit                                0x00003805   Thumb Code    14  __printf_wp.o(i._is_digit)
    buzzer                                   0x00003815   Thumb Code    80  main.o(i.buzzer)
    changeRoomPW                             0x00003869   Thumb Code    86  main.o(i.changeRoomPW)
    changeRoomStatus                         0x0000393d   Thumb Code   120  main.o(i.changeRoomStatus)
    closeDoor                                0x00003a79   Thumb Code     8  main.o(i.closeDoor)
    delay_m                                  0x00003a85   Thumb Code    26  lcd.o(i.delay_m)
    delay_u                                  0x00003a9f   Thumb Code    22  lcd.o(i.delay_u)
    getPassword                              0x00003ab5   Thumb Code   178  main.o(i.getPassword)
    getRoomNumber                            0x00003b8d   Thumb Code    18  main.o(i.getRoomNumber)
    gpio_config                              0x00003bc1   Thumb Code    84  main.o(i.gpio_config)
    keypad_Init                              0x00003c21   Thumb Code    92  keypad.o(i.keypad_Init)
    main                                     0x00003c91   Thumb Code   180  main.o(i.main)
    openDoor                                 0x00003d91   Thumb Code     8  main.o(i.openDoor)
    printmsg                                 0x00003d9d   Thumb Code    36  main.o(i.printmsg)
    roomCleaning_Handling                    0x00003dc1   Thumb Code    14  main.o(i.roomCleaning_Handling)
    roomFree_Handling                        0x00003df9   Thumb Code    34  main.o(i.roomFree_Handling)
    roomOccupied_Handling                    0x00003e55   Thumb Code   302  main.o(i.roomOccupied_Handling)
    setupHW                                  0x00004099   Thumb Code    54  main.o(i.setupHW)
    _get_lc_numeric                          0x00004125   Thumb Code    44  lc_numeric_c.o(locale$$code)
    _get_lc_ctype                            0x00004151   Thumb Code    44  lc_ctype_c.o(locale$$code)
    __aeabi_d2f                              0x0000417d   Thumb Code     0  d2f.o(x$fpl$d2f)
    _d2f                                     0x0000417d   Thumb Code    98  d2f.o(x$fpl$d2f)
    __aeabi_dadd                             0x000041e1   Thumb Code     0  daddsub_clz.o(x$fpl$dadd)
    _dadd                                    0x000041e1   Thumb Code   332  daddsub_clz.o(x$fpl$dadd)
    __aeabi_ddiv                             0x00004331   Thumb Code     0  ddiv.o(x$fpl$ddiv)
    _ddiv                                    0x00004331   Thumb Code   552  ddiv.o(x$fpl$ddiv)
    __aeabi_d2uiz                            0x000045e1   Thumb Code     0  dfixu.o(x$fpl$dfixu)
    _dfixu                                   0x000045e1   Thumb Code    90  dfixu.o(x$fpl$dfixu)
    __aeabi_ui2d                             0x0000463b   Thumb Code     0  dflt_clz.o(x$fpl$dfltu)
    _dfltu                                   0x0000463b   Thumb Code    38  dflt_clz.o(x$fpl$dfltu)
    __aeabi_dmul                             0x00004661   Thumb Code     0  dmul.o(x$fpl$dmul)
    _dmul                                    0x00004661   Thumb Code   332  dmul.o(x$fpl$dmul)
    __fpl_dnaninf                            0x000047b5   Thumb Code   156  dnaninf.o(x$fpl$dnaninf)
    __fpl_dretinf                            0x00004851   Thumb Code    12  dretinf.o(x$fpl$dretinf)
    __aeabi_dsub                             0x0000485d   Thumb Code     0  daddsub_clz.o(x$fpl$dsub)
    _dsub                                    0x0000485d   Thumb Code   464  daddsub_clz.o(x$fpl$dsub)
    __aeabi_f2d                              0x00004a31   Thumb Code     0  f2d.o(x$fpl$f2d)
    _f2d                                     0x00004a31   Thumb Code    86  f2d.o(x$fpl$f2d)
    __fpl_fnaninf                            0x00004a87   Thumb Code   140  fnaninf.o(x$fpl$fnaninf)
    _fp_init                                 0x00004b13   Thumb Code    10  fpinit.o(x$fpl$fpinit)
    __fplib_config_fpu_vfp                   0x00004b1b   Thumb Code     0  fpinit.o(x$fpl$fpinit)
    __fplib_config_pureend_doubles           0x00004b1b   Thumb Code     0  fpinit.o(x$fpl$fpinit)
    __fpl_fretinf                            0x00004b1d   Thumb Code    10  fretinf.o(x$fpl$fretinf)
    _printf_fp_dec                           0x00004b27   Thumb Code     4  printf1.o(x$fpl$printf1)
    _printf_fp_hex                           0x00004b2b   Thumb Code     4  printf2.o(x$fpl$printf2)
    __I$use$fp                               0x00004b2e   Number         0  usenofp.o(x$fpl$usenofp)
    Region$$Table$$Base                      0x00004c70   Number         0  anon$$obj.o(Region$$Table)
    Region$$Table$$Limit                     0x00004c90   Number         0  anon$$obj.o(Region$$Table)
    __ctype                                  0x00004cb9   Data           0  lc_ctype_c.o(locale$$data)
    LCD_Cursor                               0x20000000   Data           1  lcd.o(.data)
    pw_true                                  0x20000001   Data           4  main.o(.data)
    room                                     0x20000005   Data           7  main.o(.data)
    ncols                                    0x2000000c   Data           4  keypad.o(.data)
    nrows                                    0x20000010   Data           4  keypad.o(.data)
    symbol                                   0x20000014   Data          16  keypad.o(.data)
    huart                                    0x20000024   Data          12  main.o(.bss)
    portApin2                                0x20000030   Data          16  main.o(.bss)
    portFpin3                                0x20000040   Data          16  main.o(.bss)
    __libspace_start                         0x20000050   Data          96  libspace.o(.bss)
    __temporary_stack_top$libspace           0x200000b0   Data           0  libspace.o(.bss)



==============================================================================

Memory Map of the image

  Image Entry point : 0x000003b9

  Load Region LR_1 (Base: 0x00000000, Size: 0x00004de0, Max: 0xffffffff, ABSOLUTE)

    Execution Region ER_RO (Exec base: 0x00000000, Load base: 0x00000000, Size: 0x00004dbc, Max: 0xffffffff, ABSOLUTE)

    Exec Addr    Load Addr    Size         Type   Attr      Idx    E Section Name        Object

    0x00000000   0x00000000   0x0000026c   Data   RO          476    RESET               startup_tm4c123.o
    0x0000026c   0x0000026c   0x00000008   Code   RO          551  * !!!main             c_w.l(__main.o)
    0x00000274   0x00000274   0x00000034   Code   RO          906    !!!scatter          c_w.l(__scatter.o)
    0x000002a8   0x000002a8   0x0000001a   Code   RO          908    !!handler_copy      c_w.l(__scatter_copy.o)
    0x000002c2   0x000002c2   0x00000002   PAD
    0x000002c4   0x000002c4   0x0000001c   Code   RO          910    !!handler_zi        c_w.l(__scatter_zi.o)
    0x000002e0   0x000002e0   0x00000000   Code   RO          661    .ARM.Collect$$_printf_percent$$00000000  c_w.l(_printf_percent.o)
    0x000002e0   0x000002e0   0x00000006   Code   RO          650    .ARM.Collect$$_printf_percent$$00000001  c_w.l(_printf_n.o)
    0x000002e6   0x000002e6   0x00000006   Code   RO          652    .ARM.Collect$$_printf_percent$$00000002  c_w.l(_printf_p.o)
    0x000002ec   0x000002ec   0x00000006   Code   RO          657    .ARM.Collect$$_printf_percent$$00000003  c_w.l(_printf_f.o)
    0x000002f2   0x000002f2   0x00000006   Code   RO          658    .ARM.Collect$$_printf_percent$$00000004  c_w.l(_printf_e.o)
    0x000002f8   0x000002f8   0x00000006   Code   RO          659    .ARM.Collect$$_printf_percent$$00000005  c_w.l(_printf_g.o)
    0x000002fe   0x000002fe   0x00000006   Code   RO          660    .ARM.Collect$$_printf_percent$$00000006  c_w.l(_printf_a.o)
    0x00000304   0x00000304   0x0000000a   Code   RO          665    .ARM.Collect$$_printf_percent$$00000007  c_w.l(_printf_ll.o)
    0x0000030e   0x0000030e   0x00000006   Code   RO          654    .ARM.Collect$$_printf_percent$$00000008  c_w.l(_printf_i.o)
    0x00000314   0x00000314   0x00000006   Code   RO          655    .ARM.Collect$$_printf_percent$$00000009  c_w.l(_printf_d.o)
    0x0000031a   0x0000031a   0x00000006   Code   RO          656    .ARM.Collect$$_printf_percent$$0000000A  c_w.l(_printf_u.o)
    0x00000320   0x00000320   0x00000006   Code   RO          653    .ARM.Collect$$_printf_percent$$0000000B  c_w.l(_printf_o.o)
    0x00000326   0x00000326   0x00000006   Code   RO          651    .ARM.Collect$$_printf_percent$$0000000C  c_w.l(_printf_x.o)
    0x0000032c   0x0000032c   0x00000006   Code   RO          662    .ARM.Collect$$_printf_percent$$0000000D  c_w.l(_printf_lli.o)
    0x00000332   0x00000332   0x00000006   Code   RO          663    .ARM.Collect$$_printf_percent$$0000000E  c_w.l(_printf_lld.o)
    0x00000338   0x00000338   0x00000006   Code   RO          664    .ARM.Collect$$_printf_percent$$0000000F  c_w.l(_printf_llu.o)
    0x0000033e   0x0000033e   0x00000006   Code   RO          669    .ARM.Collect$$_printf_percent$$00000010  c_w.l(_printf_llo.o)
    0x00000344   0x00000344   0x00000006   Code   RO          670    .ARM.Collect$$_printf_percent$$00000011  c_w.l(_printf_llx.o)
    0x0000034a   0x0000034a   0x0000000a   Code   RO          666    .ARM.Collect$$_printf_percent$$00000012  c_w.l(_printf_l.o)
    0x00000354   0x00000354   0x00000006   Code   RO          648    .ARM.Collect$$_printf_percent$$00000013  c_w.l(_printf_c.o)
    0x0000035a   0x0000035a   0x00000006   Code   RO          649    .ARM.Collect$$_printf_percent$$00000014  c_w.l(_printf_s.o)
    0x00000360   0x00000360   0x00000006   Code   RO          667    .ARM.Collect$$_printf_percent$$00000015  c_w.l(_printf_lc.o)
    0x00000366   0x00000366   0x00000006   Code   RO          668    .ARM.Collect$$_printf_percent$$00000016  c_w.l(_printf_ls.o)
    0x0000036c   0x0000036c   0x00000004   Code   RO          718    .ARM.Collect$$_printf_percent$$00000017  c_w.l(_printf_percent_end.o)
    0x00000370   0x00000370   0x00000002   Code   RO          767    .ARM.Collect$$libinit$$00000000  c_w.l(libinit.o)
    0x00000372   0x00000372   0x00000004   Code   RO          782    .ARM.Collect$$libinit$$00000001  c_w.l(libinit2.o)
    0x00000376   0x00000376   0x00000000   Code   RO          785    .ARM.Collect$$libinit$$00000004  c_w.l(libinit2.o)
    0x00000376   0x00000376   0x00000000   Code   RO          788    .ARM.Collect$$libinit$$0000000A  c_w.l(libinit2.o)
    0x00000376   0x00000376   0x00000000   Code   RO          790    .ARM.Collect$$libinit$$0000000C  c_w.l(libinit2.o)
    0x00000376   0x00000376   0x00000000   Code   RO          792    .ARM.Collect$$libinit$$0000000E  c_w.l(libinit2.o)
    0x00000376   0x00000376   0x00000006   Code   RO          793    .ARM.Collect$$libinit$$0000000F  c_w.l(libinit2.o)
    0x0000037c   0x0000037c   0x00000000   Code   RO          795    .ARM.Collect$$libinit$$00000011  c_w.l(libinit2.o)
    0x0000037c   0x0000037c   0x0000000c   Code   RO          796    .ARM.Collect$$libinit$$00000012  c_w.l(libinit2.o)
    0x00000388   0x00000388   0x00000000   Code   RO          797    .ARM.Collect$$libinit$$00000013  c_w.l(libinit2.o)
    0x00000388   0x00000388   0x00000000   Code   RO          799    .ARM.Collect$$libinit$$00000015  c_w.l(libinit2.o)
    0x00000388   0x00000388   0x0000000a   Code   RO          800    .ARM.Collect$$libinit$$00000016  c_w.l(libinit2.o)
    0x00000392   0x00000392   0x00000000   Code   RO          801    .ARM.Collect$$libinit$$00000017  c_w.l(libinit2.o)
    0x00000392   0x00000392   0x00000000   Code   RO          803    .ARM.Collect$$libinit$$00000019  c_w.l(libinit2.o)
    0x00000392   0x00000392   0x00000000   Code   RO          805    .ARM.Collect$$libinit$$0000001B  c_w.l(libinit2.o)
    0x00000392   0x00000392   0x00000000   Code   RO          807    .ARM.Collect$$libinit$$0000001D  c_w.l(libinit2.o)
    0x00000392   0x00000392   0x00000000   Code   RO          809    .ARM.Collect$$libinit$$0000001F  c_w.l(libinit2.o)
    0x00000392   0x00000392   0x00000000   Code   RO          811    .ARM.Collect$$libinit$$00000021  c_w.l(libinit2.o)
    0x00000392   0x00000392   0x00000000   Code   RO          813    .ARM.Collect$$libinit$$00000023  c_w.l(libinit2.o)
    0x00000392   0x00000392   0x00000000   Code   RO          815    .ARM.Collect$$libinit$$00000025  c_w.l(libinit2.o)
    0x00000392   0x00000392   0x00000000   Code   RO          819    .ARM.Collect$$libinit$$0000002C  c_w.l(libinit2.o)
    0x00000392   0x00000392   0x00000000   Code   RO          821    .ARM.Collect$$libinit$$0000002E  c_w.l(libinit2.o)
    0x00000392   0x00000392   0x00000000   Code   RO          823    .ARM.Collect$$libinit$$00000030  c_w.l(libinit2.o)
    0x00000392   0x00000392   0x00000000   Code   RO          825    .ARM.Collect$$libinit$$00000032  c_w.l(libinit2.o)
    0x00000392   0x00000392   0x00000002   Code   RO          826    .ARM.Collect$$libinit$$00000033  c_w.l(libinit2.o)
    0x00000394   0x00000394   0x00000002   Code   RO          846    .ARM.Collect$$libshutdown$$00000000  c_w.l(libshutdown.o)
    0x00000396   0x00000396   0x00000000   Code   RO          859    .ARM.Collect$$libshutdown$$00000002  c_w.l(libshutdown2.o)
    0x00000396   0x00000396   0x00000000   Code   RO          861    .ARM.Collect$$libshutdown$$00000004  c_w.l(libshutdown2.o)
    0x00000396   0x00000396   0x00000000   Code   RO          864    .ARM.Collect$$libshutdown$$00000007  c_w.l(libshutdown2.o)
    0x00000396   0x00000396   0x00000000   Code   RO          867    .ARM.Collect$$libshutdown$$0000000A  c_w.l(libshutdown2.o)
    0x00000396   0x00000396   0x00000000   Code   RO          869    .ARM.Collect$$libshutdown$$0000000C  c_w.l(libshutdown2.o)
    0x00000396   0x00000396   0x00000000   Code   RO          872    .ARM.Collect$$libshutdown$$0000000F  c_w.l(libshutdown2.o)
    0x00000396   0x00000396   0x00000002   Code   RO          873    .ARM.Collect$$libshutdown$$00000010  c_w.l(libshutdown2.o)
    0x00000398   0x00000398   0x00000000   Code   RO          579    .ARM.Collect$$rtentry$$00000000  c_w.l(__rtentry.o)
    0x00000398   0x00000398   0x00000000   Code   RO          689    .ARM.Collect$$rtentry$$00000002  c_w.l(__rtentry2.o)
    0x00000398   0x00000398   0x00000006   Code   RO          701    .ARM.Collect$$rtentry$$00000004  c_w.l(__rtentry4.o)
    0x0000039e   0x0000039e   0x00000000   Code   RO          691    .ARM.Collect$$rtentry$$00000009  c_w.l(__rtentry2.o)
    0x0000039e   0x0000039e   0x00000004   Code   RO          692    .ARM.Collect$$rtentry$$0000000A  c_w.l(__rtentry2.o)
    0x000003a2   0x000003a2   0x00000000   Code   RO          694    .ARM.Collect$$rtentry$$0000000C  c_w.l(__rtentry2.o)
    0x000003a2   0x000003a2   0x00000008   Code   RO          695    .ARM.Collect$$rtentry$$0000000D  c_w.l(__rtentry2.o)
    0x000003aa   0x000003aa   0x00000002   Code   RO          775    .ARM.Collect$$rtexit$$00000000  c_w.l(rtexit.o)
    0x000003ac   0x000003ac   0x00000000   Code   RO          828    .ARM.Collect$$rtexit$$00000002  c_w.l(rtexit2.o)
    0x000003ac   0x000003ac   0x00000004   Code   RO          829    .ARM.Collect$$rtexit$$00000003  c_w.l(rtexit2.o)
    0x000003b0   0x000003b0   0x00000006   Code   RO          830    .ARM.Collect$$rtexit$$00000004  c_w.l(rtexit2.o)
    0x000003b6   0x000003b6   0x00000002   PAD
    0x000003b8   0x000003b8   0x00000114   Code   RO          477  * .text               startup_tm4c123.o
    0x000004cc   0x000004cc   0x00000024   Code   RO          547    .text               c_w.l(vsprintf.o)
    0x000004f0   0x000004f0   0x00000006   Code   RO          549    .text               c_w.l(heapauxi.o)
    0x000004f6   0x000004f6   0x0000004e   Code   RO          582    .text               c_w.l(_printf_pad.o)
    0x00000544   0x00000544   0x00000024   Code   RO          584    .text               c_w.l(_printf_truncate.o)
    0x00000568   0x00000568   0x00000052   Code   RO          586    .text               c_w.l(_printf_str.o)
    0x000005ba   0x000005ba   0x00000002   PAD
    0x000005bc   0x000005bc   0x00000078   Code   RO          588    .text               c_w.l(_printf_dec.o)
    0x00000634   0x00000634   0x00000028   Code   RO          590    .text               c_w.l(_printf_charcount.o)
    0x0000065c   0x0000065c   0x00000030   Code   RO          592    .text               c_w.l(_printf_char_common.o)
    0x0000068c   0x0000068c   0x0000000a   Code   RO          594    .text               c_w.l(_sputc.o)
    0x00000696   0x00000696   0x00000002   PAD
    0x00000698   0x00000698   0x000000bc   Code   RO          596    .text               c_w.l(_printf_wctomb.o)
    0x00000754   0x00000754   0x0000007c   Code   RO          599    .text               c_w.l(_printf_longlong_dec.o)
    0x000007d0   0x000007d0   0x00000070   Code   RO          605    .text               c_w.l(_printf_oct_int_ll.o)
    0x00000840   0x00000840   0x00000094   Code   RO          625    .text               c_w.l(_printf_hex_int_ll_ptr.o)
    0x000008d4   0x000008d4   0x00000188   Code   RO          645    .text               c_w.l(__printf_flags_ss_wp.o)
    0x00000a5c   0x00000a5c   0x0000008a   Code   RO          703    .text               c_w.l(lludiv10.o)
    0x00000ae6   0x00000ae6   0x000000b2   Code   RO          705    .text               c_w.l(_printf_intcommon.o)
    0x00000b98   0x00000b98   0x0000041e   Code   RO          707    .text               c_w.l(_printf_fp_dec.o)
    0x00000fb6   0x00000fb6   0x00000002   PAD
    0x00000fb8   0x00000fb8   0x000002fc   Code   RO          709    .text               c_w.l(_printf_fp_hex.o)
    0x000012b4   0x000012b4   0x0000002c   Code   RO          714    .text               c_w.l(_printf_char.o)
    0x000012e0   0x000012e0   0x0000002c   Code   RO          716    .text               c_w.l(_printf_wchar.o)
    0x0000130c   0x0000130c   0x00000040   Code   RO          719    .text               c_w.l(_wcrtomb.o)
    0x0000134c   0x0000134c   0x0000004a   Code   RO          721    .text               c_w.l(sys_stackheap_outer.o)
    0x00001396   0x00001396   0x00000002   PAD
    0x00001398   0x00001398   0x00000010   Code   RO          723    .text               c_w.l(rt_ctype_table.o)
    0x000013a8   0x000013a8   0x00000008   Code   RO          728    .text               c_w.l(rt_locale_intlibspace.o)
    0x000013b0   0x000013b0   0x00000080   Code   RO          730    .text               c_w.l(_printf_fp_infnan.o)
    0x00001430   0x00001430   0x000000e4   Code   RO          732    .text               c_w.l(bigflt0.o)
    0x00001514   0x00001514   0x00000012   Code   RO          760    .text               c_w.l(exit.o)
    0x00001526   0x00001526   0x00000002   PAD
    0x00001528   0x00001528   0x00000008   Code   RO          772    .text               c_w.l(libspace.o)
    0x00001530   0x00001530   0x00000080   Code   RO          780    .text               c_w.l(strcmpv7m.o)
    0x000015b0   0x000015b0   0x0000000c   Code   RO          838    .text               c_w.l(sys_exit.o)
    0x000015bc   0x000015bc   0x00000002   Code   RO          849    .text               c_w.l(use_no_semi.o)
    0x000015be   0x000015be   0x00000000   Code   RO          851    .text               c_w.l(indicate_semi.o)
    0x000015be   0x000015be   0x0000003e   Code   RO          735    CL$$btod_d2e        c_w.l(btod.o)
    0x000015fc   0x000015fc   0x00000046   Code   RO          737    CL$$btod_d2e_denorm_low  c_w.l(btod.o)
    0x00001642   0x00001642   0x00000060   Code   RO          736    CL$$btod_d2e_norm_op1  c_w.l(btod.o)
    0x000016a2   0x000016a2   0x00000338   Code   RO          745    CL$$btod_div_common  c_w.l(btod.o)
    0x000019da   0x000019da   0x000000dc   Code   RO          742    CL$$btod_e2e        c_w.l(btod.o)
    0x00001ab6   0x00001ab6   0x0000002a   Code   RO          739    CL$$btod_ediv       c_w.l(btod.o)
    0x00001ae0   0x00001ae0   0x0000002a   Code   RO          738    CL$$btod_emul       c_w.l(btod.o)
    0x00001b0a   0x00001b0a   0x00000244   Code   RO          744    CL$$btod_mult_common  c_w.l(btod.o)
    0x00001d4e   0x00001d4e   0x0000001a   Code   RO          321    i.Delay_m           uart.o
    0x00001d68   0x00001d68   0x000011b4   Code   RO          403    i.GPIO_InitialPin   gpio.o
    0x00002f1c   0x00002f1c   0x00000020   Code   RO          405    i.GPIO_PinDirection  gpio.o
    0x00002f3c   0x00002f3c   0x0000000c   Code   RO          406    i.GPIO_PinRead      gpio.o
    0x00002f48   0x00002f48   0x0000004c   Code   RO          291    i.KeyPad_getPressedKey  keypad.o
    0x00002f94   0x00002f94   0x00000012   Code   RO            1    i.LCD_Back          lcd.o
    0x00002fa6   0x00002fa6   0x00000030   Code   RO            2    i.LCD_Blink         lcd.o
    0x00002fd6   0x00002fd6   0x00000002   PAD
    0x00002fd8   0x00002fd8   0x00000024   Code   RO            3    i.LCD_Clear         lcd.o
    0x00002ffc   0x00002ffc   0x0000000a   Code   RO            4    i.LCD_Delay         lcd.o
    0x00003006   0x00003006   0x00000002   PAD
    0x00003008   0x00003008   0x00000030   Code   RO            5    i.LCD_Handle_Cursor  lcd.o
    0x00003038   0x00003038   0x000000b0   Code   RO            6    i.LCD_Init          lcd.o
    0x000030e8   0x000030e8   0x00000054   Code   RO            8    i.LCD_Set_Cursor_Position  lcd.o
    0x0000313c   0x0000313c   0x00000034   Code   RO           10    i.LCD_Shift_Cursor_Left  lcd.o
    0x00003170   0x00003170   0x00000034   Code   RO           11    i.LCD_Shift_Cursor_Right  lcd.o
    0x000031a4   0x000031a4   0x0000005c   Code   RO           13    i.LCD_Write_Char    lcd.o
    0x00003200   0x00003200   0x00000058   Code   RO           15    i.LCD_Write_Command  lcd.o
    0x00003258   0x00003258   0x00000020   Code   RO           16    i.LCD_Write_String  lcd.o
    0x00003278   0x00003278   0x00000018   Code   RO           17    i.LCD_Write_String_Position  lcd.o
    0x00003290   0x00003290   0x000000c0   Code   RO          141    i.Login             main.o
    0x00003350   0x00003350   0x0000002c   Code   RO          142    i.Login_Validation  main.o
    0x0000337c   0x0000337c   0x00000098   Code   RO          486    i.SystemInit        system_tm4c123.o
    0x00003414   0x00003414   0x00000078   Code   RO          326    i.UART4_MSPInit     uart.o
    0x0000348c   0x0000348c   0x000002c4   Code   RO          327    i.UART4_init        uart.o
    0x00003750   0x00003750   0x00000024   Code   RO          328    i.UART4_receiveChar  uart.o
    0x00003774   0x00003774   0x00000018   Code   RO          330    i.UART4_trasnmitChar  uart.o
    0x0000378c   0x0000378c   0x00000022   Code   RO          331    i.UART4_trasnmitString  uart.o
    0x000037ae   0x000037ae   0x00000002   PAD
    0x000037b0   0x000037b0   0x00000024   Code   RO          143    i.UART_Config       main.o
    0x000037d4   0x000037d4   0x00000030   Code   RO          770    i.__ARM_fpclassify  m_wm.l(fpclassify.o)
    0x00003804   0x00003804   0x0000000e   Code   RO          638    i._is_digit         c_w.l(__printf_wp.o)
    0x00003812   0x00003812   0x00000002   PAD
    0x00003814   0x00003814   0x00000054   Code   RO          144    i.buzzer            main.o
    0x00003868   0x00003868   0x000000d4   Code   RO          145    i.changeRoomPW      main.o
    0x0000393c   0x0000393c   0x0000013c   Code   RO          146    i.changeRoomStatus  main.o
    0x00003a78   0x00003a78   0x0000000c   Code   RO          147    i.closeDoor         main.o
    0x00003a84   0x00003a84   0x0000001a   Code   RO           18    i.delay_m           lcd.o
    0x00003a9e   0x00003a9e   0x00000016   Code   RO           19    i.delay_u           lcd.o
    0x00003ab4   0x00003ab4   0x000000d8   Code   RO          148    i.getPassword       main.o
    0x00003b8c   0x00003b8c   0x00000034   Code   RO          149    i.getRoomNumber     main.o
    0x00003bc0   0x00003bc0   0x00000060   Code   RO          150    i.gpio_config       main.o
    0x00003c20   0x00003c20   0x00000070   Code   RO          292    i.keypad_Init       keypad.o
    0x00003c90   0x00003c90   0x00000100   Code   RO          151    i.main              main.o
    0x00003d90   0x00003d90   0x0000000c   Code   RO          152    i.openDoor          main.o
    0x00003d9c   0x00003d9c   0x00000024   Code   RO          153    i.printmsg          main.o
    0x00003dc0   0x00003dc0   0x00000038   Code   RO          154    i.roomCleaning_Handling  main.o
    0x00003df8   0x00003df8   0x0000005c   Code   RO          155    i.roomFree_Handling  main.o
    0x00003e54   0x00003e54   0x00000244   Code   RO          156    i.roomOccupied_Handling  main.o
    0x00004098   0x00004098   0x0000008c   Code   RO          157    i.setupHW           main.o
    0x00004124   0x00004124   0x0000002c   Code   RO          758    locale$$code        c_w.l(lc_numeric_c.o)
    0x00004150   0x00004150   0x0000002c   Code   RO          778    locale$$code        c_w.l(lc_ctype_c.o)
    0x0000417c   0x0000417c   0x00000062   Code   RO          553    x$fpl$d2f           fz_wm.l(d2f.o)
    0x000041de   0x000041de   0x00000002   PAD
    0x000041e0   0x000041e0   0x00000150   Code   RO          555    x$fpl$dadd          fz_wm.l(daddsub_clz.o)
    0x00004330   0x00004330   0x000002b0   Code   RO          562    x$fpl$ddiv          fz_wm.l(ddiv.o)
    0x000045e0   0x000045e0   0x0000005a   Code   RO          565    x$fpl$dfixu         fz_wm.l(dfixu.o)
    0x0000463a   0x0000463a   0x00000026   Code   RO          569    x$fpl$dfltu         fz_wm.l(dflt_clz.o)
    0x00004660   0x00004660   0x00000154   Code   RO          575    x$fpl$dmul          fz_wm.l(dmul.o)
    0x000047b4   0x000047b4   0x0000009c   Code   RO          671    x$fpl$dnaninf       fz_wm.l(dnaninf.o)
    0x00004850   0x00004850   0x0000000c   Code   RO          673    x$fpl$dretinf       fz_wm.l(dretinf.o)
    0x0000485c   0x0000485c   0x000001d4   Code   RO          557    x$fpl$dsub          fz_wm.l(daddsub_clz.o)
    0x00004a30   0x00004a30   0x00000056   Code   RO          577    x$fpl$f2d           fz_wm.l(f2d.o)
    0x00004a86   0x00004a86   0x0000008c   Code   RO          675    x$fpl$fnaninf       fz_wm.l(fnaninf.o)
    0x00004b12   0x00004b12   0x0000000a   Code   RO          836    x$fpl$fpinit        fz_wm.l(fpinit.o)
    0x00004b1c   0x00004b1c   0x0000000a   Code   RO          677    x$fpl$fretinf       fz_wm.l(fretinf.o)
    0x00004b26   0x00004b26   0x00000004   Code   RO          679    x$fpl$printf1       fz_wm.l(printf1.o)
    0x00004b2a   0x00004b2a   0x00000004   Code   RO          681    x$fpl$printf2       fz_wm.l(printf2.o)
    0x00004b2e   0x00004b2e   0x00000000   Code   RO          687    x$fpl$usenofp       fz_wm.l(usenofp.o)
    0x00004b2e   0x00004b2e   0x00000002   PAD
    0x00004b30   0x00004b30   0x00000008   Data   RO          597    .constdata          c_w.l(_printf_wctomb.o)
    0x00004b38   0x00004b38   0x00000028   Data   RO          626    .constdata          c_w.l(_printf_hex_int_ll_ptr.o)
    0x00004b60   0x00004b60   0x00000011   Data   RO          646    .constdata          c_w.l(__printf_flags_ss_wp.o)
    0x00004b71   0x00004b71   0x00000026   Data   RO          710    .constdata          c_w.l(_printf_fp_hex.o)
    0x00004b97   0x00004b97   0x00000001   PAD
    0x00004b98   0x00004b98   0x00000094   Data   RO          733    .constdata          c_w.l(bigflt0.o)
    0x00004c2c   0x00004c2c   0x00000042   Data   RO          159    .conststring        main.o
    0x00004c6e   0x00004c6e   0x00000002   PAD
    0x00004c70   0x00004c70   0x00000020   Data   RO          904    Region$$Table       anon$$obj.o
    0x00004c90   0x00004c90   0x0000001c   Data   RO          757    locale$$data        c_w.l(lc_numeric_c.o)
    0x00004cac   0x00004cac   0x00000110   Data   RO          777    locale$$data        c_w.l(lc_ctype_c.o)


    Execution Region ER_RW (Exec base: 0x20000000, Load base: 0x00004dbc, Size: 0x00000024, Max: 0xffffffff, ABSOLUTE)

    Exec Addr    Load Addr    Size         Type   Attr      Idx    E Section Name        Object

    0x20000000   0x00004dbc   0x00000001   Data   RW           20    .data               lcd.o
    0x20000001   0x00004dbd   0x0000000b   Data   RW          160    .data               main.o
    0x2000000c   0x00004dc8   0x00000018   Data   RW          293    .data               keypad.o


    Execution Region ER_ZI (Exec base: 0x20000024, Load base: 0x00004de0, Size: 0x0000028c, Max: 0xffffffff, ABSOLUTE)

    Exec Addr    Load Addr    Size         Type   Attr      Idx    E Section Name        Object

    0x20000024        -       0x0000002c   Zero   RW          158    .bss                main.o
    0x20000050        -       0x00000060   Zero   RW          773    .bss                c_w.l(libspace.o)
    0x200000b0        -       0x00000000   Zero   RW          475    HEAP                startup_tm4c123.o
    0x200000b0        -       0x00000200   Zero   RW          474    STACK               startup_tm4c123.o


==============================================================================

Image component sizes


      Code (inc. data)   RO Data    RW Data    ZI Data      Debug   Object Name

      4576        218          0          0          0       5573   gpio.o
       188         34          0         24          0       1834   keypad.o
       808         78          0          1          0      12866   lcd.o
      2432       1034         66         11         44      14424   main.o
       276         24        620          0        512       5500   startup_tm4c123.o
       152         40          0          0          0        617   system_tm4c123.o
       948         72          0          0          0       5695   uart.o

    ----------------------------------------------------------------------
      9386       1500        720         36        556      46509   Object Totals
         0          0         32          0          0          0   (incl. Generated)
         6          0          2          0          0          0   (incl. Padding)

    ----------------------------------------------------------------------

      Code (inc. data)   RO Data    RW Data    ZI Data      Debug   Library Member Name

         8          0          0          0          0         68   __main.o
       392          4         17          0          0         92   __printf_flags_ss_wp.o
        14          0          0          0          0         68   __printf_wp.o
         0          0          0          0          0          0   __rtentry.o
        12          0          0          0          0          0   __rtentry2.o
         6          0          0          0          0          0   __rtentry4.o
        52          8          0          0          0          0   __scatter.o
        26          0          0          0          0          0   __scatter_copy.o
        28          0          0          0          0          0   __scatter_zi.o
         6          0          0          0          0          0   _printf_a.o
         6          0          0          0          0          0   _printf_c.o
        44          0          0          0          0        108   _printf_char.o
        48          6          0          0          0         96   _printf_char_common.o
        40          0          0          0          0         68   _printf_charcount.o
         6          0          0          0          0          0   _printf_d.o
       120         16          0          0          0         92   _printf_dec.o
         6          0          0          0          0          0   _printf_e.o
         6          0          0          0          0          0   _printf_f.o
      1054          0          0          0          0        216   _printf_fp_dec.o
       764          8         38          0          0        100   _printf_fp_hex.o
       128         16          0          0          0         84   _printf_fp_infnan.o
         6          0          0          0          0          0   _printf_g.o
       148          4         40          0          0        160   _printf_hex_int_ll_ptr.o
         6          0          0          0          0          0   _printf_i.o
       178          0          0          0          0         88   _printf_intcommon.o
        10          0          0          0          0          0   _printf_l.o
         6          0          0          0          0          0   _printf_lc.o
        10          0          0          0          0          0   _printf_ll.o
         6          0          0          0          0          0   _printf_lld.o
         6          0          0          0          0          0   _printf_lli.o
         6          0          0          0          0          0   _printf_llo.o
         6          0          0          0          0          0   _printf_llu.o
         6          0          0          0          0          0   _printf_llx.o
       124         16          0          0          0         92   _printf_longlong_dec.o
         6          0          0          0          0          0   _printf_ls.o
         6          0          0          0          0          0   _printf_n.o
         6          0          0          0          0          0   _printf_o.o
       112         10          0          0          0        124   _printf_oct_int_ll.o
         6          0          0          0          0          0   _printf_p.o
        78          0          0          0          0        108   _printf_pad.o
         0          0          0          0          0          0   _printf_percent.o
         4          0          0          0          0          0   _printf_percent_end.o
         6          0          0          0          0          0   _printf_s.o
        82          0          0          0          0         80   _printf_str.o
        36          0          0          0          0         84   _printf_truncate.o
         6          0          0          0          0          0   _printf_u.o
        44          0          0          0          0        108   _printf_wchar.o
       188          6          8          0          0         92   _printf_wctomb.o
         6          0          0          0          0          0   _printf_x.o
        10          0          0          0          0         68   _sputc.o
        64          0          0          0          0         92   _wcrtomb.o
       228          4        148          0          0         96   bigflt0.o
      1936        128          0          0          0        672   btod.o
        18          0          0          0          0         80   exit.o
         6          0          0          0          0        152   heapauxi.o
         0          0          0          0          0          0   indicate_semi.o
        44         10        272          0          0         76   lc_ctype_c.o
        44         10         28          0          0         76   lc_numeric_c.o
         2          0          0          0          0          0   libinit.o
        34          0          0          0          0          0   libinit2.o
         2          0          0          0          0          0   libshutdown.o
         2          0          0          0          0          0   libshutdown2.o
         8          4          0          0         96         68   libspace.o
       138          0          0          0          0         80   lludiv10.o
        16          4          0          0          0         76   rt_ctype_table.o
         8          4          0          0          0         68   rt_locale_intlibspace.o
         2          0          0          0          0          0   rtexit.o
        10          0          0          0          0          0   rtexit2.o
       128          0          0          0          0         68   strcmpv7m.o
        12          4          0          0          0         68   sys_exit.o
        74          0          0          0          0         80   sys_stackheap_outer.o
         2          0          0          0          0         68   use_no_semi.o
        36          4          0          0          0         76   vsprintf.o
        98          4          0          0          0        140   d2f.o
       804         16          0          0          0        368   daddsub_clz.o
       688        140          0          0          0        256   ddiv.o
        90          4          0          0          0        140   dfixu.o
        38          0          0          0          0        116   dflt_clz.o
       340         12          0          0          0        152   dmul.o
       156          4          0          0          0        140   dnaninf.o
        12          0          0          0          0        116   dretinf.o
        86          4          0          0          0        132   f2d.o
       140          4          0          0          0        132   fnaninf.o
        10          0          0          0          0        116   fpinit.o
        10          0          0          0          0        116   fretinf.o
         4          0          0          0          0        116   printf1.o
         4          0          0          0          0        116   printf2.o
         0          0          0          0          0          0   usenofp.o
        48          0          0          0          0        124   fpclassify.o

    ----------------------------------------------------------------------
      9242        454        552          0         96       6172   Library Totals
        20          0          1          0          0          0   (incl. Padding)

    ----------------------------------------------------------------------

      Code (inc. data)   RO Data    RW Data    ZI Data      Debug   Library Name

      6694        266        551          0         96       3892   c_w.l
      2480        188          0          0          0       2156   fz_wm.l
        48          0          0          0          0        124   m_wm.l

    ----------------------------------------------------------------------
      9242        454        552          0         96       6172   Library Totals

    ----------------------------------------------------------------------

==============================================================================


      Code (inc. data)   RO Data    RW Data    ZI Data      Debug   

     18628       1954       1272         36        652      45101   Grand Totals
     18628       1954       1272         36        652      45101   ELF Image Totals
     18628       1954       1272         36          0          0   ROM Totals

==============================================================================

    Total RO  Size (Code + RO Data)                19900 (  19.43kB)
    Total RW  Size (RW Data + ZI Data)               688 (   0.67kB)
    Total ROM Size (Code + RO Data + RW Data)      19936 (  19.47kB)

==============================================================================

